Generated on 2023-05-19 21:55:1684504555

#################### inxi -Fxzc0 ########################

System:
  Kernel: 6.1.26-1-MANJARO arch: x86_64 bits: 64 compiler: gcc v: 12.2.1 Desktop: GNOME v: 43.5
    Distro: Manjaro Linux base: Arch Linux
Machine:
  Type: Laptop System: Razer product: Blade Stealth v: 1.04 serial: <superuser required>
  Mobo: Razer model: LY310 serial: <superuser required> UEFI: Razer v: 1.06 date: 06/08/2019
Battery:
  ID-1: BAT0 charge: 55.2 Wh (99.5%) condition: 55.5/53.8 Wh (103.1%) volts: 13.1 min: 11.6
    model: Razer Blade status: full
CPU:
  Info: quad core model: Intel Core i7-8565U bits: 64 type: MT MCP arch: Whiskey Lake rev: B cache:
    L1: 256 KiB L2: 1024 KiB L3: 8 MiB
  Speed (MHz): avg: 1080 high: 2000 min/max: 400/4600 cores: 1: 753 2: 2000 3: 781 4: 783 5: 800
    6: 2000 7: 723 8: 800 bogomips: 32012
  Flags: avx avx2 ht lm nx pae sse sse2 sse3 sse4_1 sse4_2 ssse3
Graphics:
  Device-1: Intel WhiskeyLake-U GT2 [UHD Graphics 620] vendor: Razer USA driver: i915 v: kernel
    arch: Gen-9.5 bus-ID: 00:02.0
  Device-2: IMC Networks Integrated Camera driver: uvcvideo type: USB bus-ID: 1-6:3
  Display: wayland server: X.org v: 1.21.1.8 with: Xwayland v: 23.1.1 compositor: gnome-shell
    driver: gpu: i915 resolution: 1920x1080~60Hz
  API: OpenGL v: 4.6 Mesa 23.0.3 renderer: Mesa Intel UHD Graphics 620 (WHL GT2)
    direct-render: Yes
Audio:
  Device-1: Intel Cannon Point-LP High Definition Audio vendor: Razer USA driver: snd_hda_intel
    v: kernel bus-ID: 00:1f.3
  API: ALSA v: k6.1.26-1-MANJARO status: kernel-api
  Server-1: JACK v: 1.9.22 status: off
  Server-2: PipeWire v: 0.3.70 status: off
  Server-3: PulseAudio v: 16.1 status: active
Network:
  Device-1: Intel Cannon Point-LP CNVi [Wireless-AC] driver: iwlwifi v: kernel bus-ID: 00:14.3
  IF: wlo1 state: down mac: <filter>
  Device-2: Realtek RTL8152 Fast Ethernet Adapter driver: r8152 type: USB bus-ID: 1-3.2:6
  IF: enp0s20f0u3u2 state: up speed: 100 Mbps duplex: full mac: <filter>
Bluetooth:
  Device-1: Intel Bluetooth 9460/9560 Jefferson Peak (JfP) driver: btusb v: 0.8 type: USB
    bus-ID: 1-10:7
  Report: rfkill ID: hci0 rfk-id: 0 state: up address: see --recommends
Drives:
  Local Storage: total: 931.51 GiB used: 45.53 GiB (4.9%)
  ID-1: /dev/nvme0n1 vendor: Crucial model: CT1000P3SSD8 size: 931.51 GiB temp: 33.9 C
Partition:
  ID-1: / size: 54.82 GiB used: 21.36 GiB (39.0%) fs: ext4 dev: /dev/nvme0n1p6
  ID-2: /boot/efi size: 96 MiB used: 29.2 MiB (30.5%) fs: vfat dev: /dev/nvme0n1p1
  ID-3: /home size: 195.8 GiB used: 24.14 GiB (12.3%) fs: ext4 dev: /dev/nvme0n1p7
Swap:
  ID-1: swap-1 type: file size: 8 GiB used: 0 KiB (0.0%) file: /swapfile
Sensors:
  System Temperatures: cpu: 41.0 C pch: 37.0 C mobo: N/A
  Fan Speeds (RPM): N/A
Info:
  Processes: 241 Uptime: 8m Memory: available: 7.54 GiB used: 2.04 GiB (27.1%) Init: systemd
  Compilers: gcc: 12.2.1 clang: 15.0.7 Packages: 1420 Client: gnome-shell v: 43.5 inxi: 3.3.27


#################### journalctl -b -1 ########################
 5月 18 23:25:10 weizijun-bladestealth kernel: microcode: microcode updated early to revision 0xf0, date = 2021-11-15
 5月 18 23:25:10 weizijun-bladestealth kernel: Linux version 6.1.26-1-MANJARO (builduser@fv-az377-398) (gcc (GCC) 12.2.1 20230201, GNU ld (GNU Binutils) 2.40) #1 SMP PREEMPT_DYNAMIC Wed Apr 26 22:07:35 UTC 2023
 5月 18 23:25:10 weizijun-bladestealth kernel: Command line: BOOT_IMAGE=/boot/vmlinuz-6.1-x86_64 root=UUID=da6e9076-dc59-4c23-b0eb-037c01fbf604 rw quiet splash apparmor=1 security=apparmor udev.log_priority=3
 5月 18 23:25:10 weizijun-bladestealth kernel: x86/fpu: Supporting XSAVE feature 0x001: 'x87 floating point registers'
 5月 18 23:25:10 weizijun-bladestealth kernel: x86/fpu: Supporting XSAVE feature 0x002: 'SSE registers'
 5月 18 23:25:10 weizijun-bladestealth kernel: x86/fpu: Supporting XSAVE feature 0x004: 'AVX registers'
 5月 18 23:25:10 weizijun-bladestealth kernel: x86/fpu: Supporting XSAVE feature 0x008: 'MPX bounds registers'
 5月 18 23:25:10 weizijun-bladestealth kernel: x86/fpu: Supporting XSAVE feature 0x010: 'MPX CSR'
 5月 18 23:25:10 weizijun-bladestealth kernel: x86/fpu: xstate_offset[2]:  576, xstate_sizes[2]:  256
 5月 18 23:25:10 weizijun-bladestealth kernel: x86/fpu: xstate_offset[3]:  832, xstate_sizes[3]:   64
 5月 18 23:25:10 weizijun-bladestealth kernel: x86/fpu: xstate_offset[4]:  896, xstate_sizes[4]:   64
 5月 18 23:25:10 weizijun-bladestealth kernel: x86/fpu: Enabled xstate features 0x1f, context size is 960 bytes, using 'compacted' format.
 5月 18 23:25:10 weizijun-bladestealth kernel: signal: max sigframe size: 2032
 5月 18 23:25:10 weizijun-bladestealth kernel: BIOS-provided physical RAM map:
 5月 18 23:25:10 weizijun-bladestealth kernel: BIOS-e820: [mem 0x0000000000000000-0x000000000009efff] usable
 5月 18 23:25:10 weizijun-bladestealth kernel: BIOS-e820: [mem 0x000000000009f000-0x00000000000fffff] reserved
 5月 18 23:25:10 weizijun-bladestealth kernel: BIOS-e820: [mem 0x0000000000100000-0x000000002e9f3fff] usable
 5月 18 23:25:10 weizijun-bladestealth kernel: BIOS-e820: [mem 0x000000002e9f4000-0x000000002ee5efff] reserved
 5月 18 23:25:10 weizijun-bladestealth kernel: BIOS-e820: [mem 0x000000002ee5f000-0x000000002eedbfff] ACPI data
 5月 18 23:25:10 weizijun-bladestealth kernel: BIOS-e820: [mem 0x000000002eedc000-0x000000002f350fff] ACPI NVS
 5月 18 23:25:10 weizijun-bladestealth kernel: BIOS-e820: [mem 0x000000002f351000-0x000000002fc56fff] reserved
 5月 18 23:25:10 weizijun-bladestealth kernel: BIOS-e820: [mem 0x000000002fc57000-0x000000002fd0dfff] type 20
 5月 18 23:25:10 weizijun-bladestealth kernel: BIOS-e820: [mem 0x000000002fd0e000-0x000000002fd0efff] usable
 5月 18 23:25:10 weizijun-bladestealth kernel: BIOS-e820: [mem 0x000000002fd0f000-0x000000003affffff] reserved
 5月 18 23:25:10 weizijun-bladestealth kernel: BIOS-e820: [mem 0x00000000e0000000-0x00000000efffffff] reserved
 5月 18 23:25:10 weizijun-bladestealth kernel: BIOS-e820: [mem 0x00000000fe000000-0x00000000fe010fff] reserved
 5月 18 23:25:10 weizijun-bladestealth kernel: BIOS-e820: [mem 0x00000000fec00000-0x00000000fec00fff] reserved
 5月 18 23:25:10 weizijun-bladestealth kernel: BIOS-e820: [mem 0x00000000fed00000-0x00000000fed03fff] reserved
 5月 18 23:25:10 weizijun-bladestealth kernel: BIOS-e820: [mem 0x00000000fee00000-0x00000000fee00fff] reserved
 5月 18 23:25:10 weizijun-bladestealth kernel: BIOS-e820: [mem 0x00000000ff000000-0x00000000ffffffff] reserved
 5月 18 23:25:10 weizijun-bladestealth kernel: BIOS-e820: [mem 0x0000000100000000-0x00000002c2ffffff] usable
 5月 18 23:25:10 weizijun-bladestealth kernel: NX (Execute Disable) protection: active
 5月 18 23:25:10 weizijun-bladestealth kernel: efi: EFI v2.70 by American Megatrends
 5月 18 23:25:10 weizijun-bladestealth kernel: efi: ACPI 2.0=0x2ee78000 ACPI=0x2ee78000 TPMFinalLog=0x2f2db000 SMBIOS=0x2faaf000 SMBIOS 3.0=0x2faae000 ESRT=0x2d442c98 
 5月 18 23:25:10 weizijun-bladestealth kernel: SMBIOS 3.2.1 present.
 5月 18 23:25:10 weizijun-bladestealth kernel: DMI: Razer Blade Stealth/LY310, BIOS 1.06 06/08/2019
 5月 18 23:25:10 weizijun-bladestealth kernel: tsc: Detected 2000.000 MHz processor
 5月 18 23:25:10 weizijun-bladestealth kernel: tsc: Detected 1999.968 MHz TSC
 5月 18 23:25:10 weizijun-bladestealth kernel: e820: update [mem 0x00000000-0x00000fff] usable ==> reserved
 5月 18 23:25:10 weizijun-bladestealth kernel: e820: remove [mem 0x000a0000-0x000fffff] usable
 5月 18 23:25:10 weizijun-bladestealth kernel: last_pfn = 0x2c3000 max_arch_pfn = 0x400000000
 5月 18 23:25:10 weizijun-bladestealth kernel: x86/PAT: Configuration [0-7]: WB  WC  UC- UC  WB  WP  UC- WT  
 5月 18 23:25:10 weizijun-bladestealth kernel: e820: update [mem 0x38800000-0xffffffff] usable ==> reserved
 5月 18 23:25:10 weizijun-bladestealth kernel: last_pfn = 0x2fd0f max_arch_pfn = 0x400000000
 5月 18 23:25:10 weizijun-bladestealth kernel: esrt: Reserving ESRT space from 0x000000002d442c98 to 0x000000002d442cd0.
 5月 18 23:25:10 weizijun-bladestealth kernel: e820: update [mem 0x2d442000-0x2d442fff] usable ==> reserved
 5月 18 23:25:10 weizijun-bladestealth kernel: Using GB pages for direct mapping
 5月 18 23:25:10 weizijun-bladestealth kernel: Secure boot disabled
 5月 18 23:25:10 weizijun-bladestealth kernel: RAMDISK: [mem 0x277d3000-0x28d10fff]
 5月 18 23:25:10 weizijun-bladestealth kernel: ACPI: Early table checksum verification disabled
 5月 18 23:25:10 weizijun-bladestealth kernel: ACPI: RSDP 0x000000002EE78000 000024 (v02 ALASKA)
 5月 18 23:25:10 weizijun-bladestealth kernel: ACPI: XSDT 0x000000002EE780B8 0000EC (v01 ALASKA A M I    01072009 AMI  00010013)
 5月 18 23:25:10 weizijun-bladestealth kernel: ACPI: FACP 0x000000002EEB9F98 000114 (v06 ALASKA A M I    01072009 AMI  00010013)
 5月 18 23:25:10 weizijun-bladestealth kernel: ACPI: DSDT 0x000000002EE78230 041D62 (v02 ALASKA A M I    01072009 INTL 20160527)
 5月 18 23:25:10 weizijun-bladestealth kernel: ACPI: FACS 0x000000002F350080 000040
 5月 18 23:25:10 weizijun-bladestealth kernel: ACPI: APIC 0x000000002EEBA0B0 0000BC (v04 ALASKA A M I    01072009 AMI  00010013)
 5月 18 23:25:10 weizijun-bladestealth kernel: ACPI: FPDT 0x000000002EEBA170 000044 (v01 ALASKA A M I    01072009 AMI  00010013)
 5月 18 23:25:10 weizijun-bladestealth kernel: ACPI: FIDT 0x000000002EEBA1B8 00009C (v01 ALASKA A M I    01072009 AMI  00010013)
 5月 18 23:25:10 weizijun-bladestealth kernel: ACPI: MCFG 0x000000002EEBA258 00003C (v01 ALASKA A M I    01072009 MSFT 00000097)
 5月 18 23:25:10 weizijun-bladestealth kernel: ACPI: SSDT 0x000000002EEBA298 007546 (v02 DptfTa DptfTabl 00001000 INTL 20160527)
 5月 18 23:25:10 weizijun-bladestealth kernel: ACPI: SSDT 0x000000002EEC17E0 001B1C (v02 CpuRef CpuSsdt  00003000 INTL 20160527)
 5月 18 23:25:10 weizijun-bladestealth kernel: ACPI: MSDM 0x000000002EEC3300 000055 (v03 ALASKA A M I    01072009 AMI  00010013)
 5月 18 23:25:10 weizijun-bladestealth kernel: ACPI: SSDT 0x000000002EEC3358 0031C6 (v02 SaSsdt SaSsdt   00003000 INTL 20160527)
 5月 18 23:25:10 weizijun-bladestealth kernel: ACPI: HPET 0x000000002EEC6520 000038 (v01 ALASKA A M I    00000002      01000013)
 5月 18 23:25:10 weizijun-bladestealth kernel: ACPI: SSDT 0x000000002EEC6558 001634 (v02 ALASKA WHL_Tbt_ 00001000 INTL 20160527)
 5月 18 23:25:10 weizijun-bladestealth kernel: ACPI: SSDT 0x000000002EEC7B90 000FAE (v02 ALASKA Ther_Rvp 00001000 INTL 20160527)
 5月 18 23:25:10 weizijun-bladestealth kernel: ACPI: SSDT 0x000000002EEC8B40 001138 (v02 INTEL  xh_whld4 00000000 INTL 20160527)
 5月 18 23:25:10 weizijun-bladestealth kernel: ACPI: UEFI 0x000000002EEC9C78 000042 (v01 ALASKA A M I    00000002      01000013)
 5月 18 23:25:10 weizijun-bladestealth kernel: ACPI: LPIT 0x000000002EEC9CC0 00005C (v01 ALASKA A M I    00000002      01000013)
 5月 18 23:25:10 weizijun-bladestealth kernel: ACPI: SSDT 0x000000002EEC9D20 0027DE (v02 ALASKA PtidDevc 00001000 INTL 20160527)
 5月 18 23:25:10 weizijun-bladestealth kernel: ACPI: SSDT 0x000000002EECC500 000F85 (v02 ALASKA TbtTypeC 00000000 INTL 20160527)
 5月 18 23:25:10 weizijun-bladestealth kernel: ACPI: DBGP 0x000000002EECD488 000034 (v01 ALASKA A M I    00000002      01000013)
 5月 18 23:25:10 weizijun-bladestealth kernel: ACPI: DBG2 0x000000002EECD4C0 000061 (v00 ALASKA A M I    00000002      01000013)
 5月 18 23:25:10 weizijun-bladestealth kernel: ACPI: SSDT 0x000000002EECD528 001B67 (v02 ALASKA UsbCTabl 00001000 INTL 20160527)
 5月 18 23:25:10 weizijun-bladestealth kernel: ACPI: DMAR 0x000000002EECF090 0000A8 (v01 INTEL  EDK2     00000002      01000013)
 5月 18 23:25:10 weizijun-bladestealth kernel: ACPI: SSDT 0x000000002EECF138 000144 (v02 Intel  ADebTabl 00001000 INTL 20160527)
 5月 18 23:25:10 weizijun-bladestealth kernel: ACPI: BGRT 0x000000002EECF280 000038 (v01 ALASKA A M I    01072009 AMI  00010013)
 5月 18 23:25:10 weizijun-bladestealth kernel: ACPI: TPM2 0x000000002EECF2B8 000034 (v04 ALASKA A M I    00000001 AMI  00000000)
 5月 18 23:25:10 weizijun-bladestealth kernel: ACPI: WSMT 0x000000002EECF2F0 000028 (v01 ALASKA A M I    01072009 AMI  00010013)
 5月 18 23:25:10 weizijun-bladestealth kernel: ACPI: Reserving FACP table memory at [mem 0x2eeb9f98-0x2eeba0ab]
 5月 18 23:25:10 weizijun-bladestealth kernel: ACPI: Reserving DSDT table memory at [mem 0x2ee78230-0x2eeb9f91]
 5月 18 23:25:10 weizijun-bladestealth kernel: ACPI: Reserving FACS table memory at [mem 0x2f350080-0x2f3500bf]
 5月 18 23:25:10 weizijun-bladestealth kernel: ACPI: Reserving APIC table memory at [mem 0x2eeba0b0-0x2eeba16b]
 5月 18 23:25:10 weizijun-bladestealth kernel: ACPI: Reserving FPDT table memory at [mem 0x2eeba170-0x2eeba1b3]
 5月 18 23:25:10 weizijun-bladestealth kernel: ACPI: Reserving FIDT table memory at [mem 0x2eeba1b8-0x2eeba253]
 5月 18 23:25:10 weizijun-bladestealth kernel: ACPI: Reserving MCFG table memory at [mem 0x2eeba258-0x2eeba293]
 5月 18 23:25:10 weizijun-bladestealth kernel: ACPI: Reserving SSDT table memory at [mem 0x2eeba298-0x2eec17dd]
 5月 18 23:25:10 weizijun-bladestealth kernel: ACPI: Reserving SSDT table memory at [mem 0x2eec17e0-0x2eec32fb]
 5月 18 23:25:10 weizijun-bladestealth kernel: ACPI: Reserving MSDM table memory at [mem 0x2eec3300-0x2eec3354]
 5月 18 23:25:10 weizijun-bladestealth kernel: ACPI: Reserving SSDT table memory at [mem 0x2eec3358-0x2eec651d]
 5月 18 23:25:10 weizijun-bladestealth kernel: ACPI: Reserving HPET table memory at [mem 0x2eec6520-0x2eec6557]
 5月 18 23:25:10 weizijun-bladestealth kernel: ACPI: Reserving SSDT table memory at [mem 0x2eec6558-0x2eec7b8b]
 5月 18 23:25:10 weizijun-bladestealth kernel: ACPI: Reserving SSDT table memory at [mem 0x2eec7b90-0x2eec8b3d]
 5月 18 23:25:10 weizijun-bladestealth kernel: ACPI: Reserving SSDT table memory at [mem 0x2eec8b40-0x2eec9c77]
 5月 18 23:25:10 weizijun-bladestealth kernel: ACPI: Reserving UEFI table memory at [mem 0x2eec9c78-0x2eec9cb9]
 5月 18 23:25:10 weizijun-bladestealth kernel: ACPI: Reserving LPIT table memory at [mem 0x2eec9cc0-0x2eec9d1b]
 5月 18 23:25:10 weizijun-bladestealth kernel: ACPI: Reserving SSDT table memory at [mem 0x2eec9d20-0x2eecc4fd]
 5月 18 23:25:10 weizijun-bladestealth kernel: ACPI: Reserving SSDT table memory at [mem 0x2eecc500-0x2eecd484]
 5月 18 23:25:10 weizijun-bladestealth kernel: ACPI: Reserving DBGP table memory at [mem 0x2eecd488-0x2eecd4bb]
 5月 18 23:25:10 weizijun-bladestealth kernel: ACPI: Reserving DBG2 table memory at [mem 0x2eecd4c0-0x2eecd520]
 5月 18 23:25:10 weizijun-bladestealth kernel: ACPI: Reserving SSDT table memory at [mem 0x2eecd528-0x2eecf08e]
 5月 18 23:25:10 weizijun-bladestealth kernel: ACPI: Reserving DMAR table memory at [mem 0x2eecf090-0x2eecf137]
 5月 18 23:25:10 weizijun-bladestealth kernel: ACPI: Reserving SSDT table memory at [mem 0x2eecf138-0x2eecf27b]
 5月 18 23:25:10 weizijun-bladestealth kernel: ACPI: Reserving BGRT table memory at [mem 0x2eecf280-0x2eecf2b7]
 5月 18 23:25:10 weizijun-bladestealth kernel: ACPI: Reserving TPM2 table memory at [mem 0x2eecf2b8-0x2eecf2eb]
 5月 18 23:25:10 weizijun-bladestealth kernel: ACPI: Reserving WSMT table memory at [mem 0x2eecf2f0-0x2eecf317]
 5月 18 23:25:10 weizijun-bladestealth kernel: No NUMA configuration found
 5月 18 23:25:10 weizijun-bladestealth kernel: Faking a node at [mem 0x0000000000000000-0x00000002c2ffffff]
 5月 18 23:25:10 weizijun-bladestealth kernel: NODE_DATA(0) allocated [mem 0x2c2ffb000-0x2c2ffffff]
 5月 18 23:25:10 weizijun-bladestealth kernel: Zone ranges:
 5月 18 23:25:10 weizijun-bladestealth kernel:   DMA      [mem 0x0000000000001000-0x0000000000ffffff]
 5月 18 23:25:10 weizijun-bladestealth kernel:   DMA32    [mem 0x0000000001000000-0x00000000ffffffff]
 5月 18 23:25:10 weizijun-bladestealth kernel:   Normal   [mem 0x0000000100000000-0x00000002c2ffffff]
 5月 18 23:25:10 weizijun-bladestealth kernel:   Device   empty
 5月 18 23:25:10 weizijun-bladestealth kernel: Movable zone start for each node
 5月 18 23:25:10 weizijun-bladestealth kernel: Early memory node ranges
 5月 18 23:25:10 weizijun-bladestealth kernel:   node   0: [mem 0x0000000000001000-0x000000000009efff]
 5月 18 23:25:10 weizijun-bladestealth kernel:   node   0: [mem 0x0000000000100000-0x000000002e9f3fff]
 5月 18 23:25:10 weizijun-bladestealth kernel:   node   0: [mem 0x000000002fd0e000-0x000000002fd0efff]
 5月 18 23:25:10 weizijun-bladestealth kernel:   node   0: [mem 0x0000000100000000-0x00000002c2ffffff]
 5月 18 23:25:10 weizijun-bladestealth kernel: Initmem setup node 0 [mem 0x0000000000001000-0x00000002c2ffffff]
 5月 18 23:25:10 weizijun-bladestealth kernel: On node 0, zone DMA: 1 pages in unavailable ranges
 5月 18 23:25:10 weizijun-bladestealth kernel: On node 0, zone DMA: 97 pages in unavailable ranges
 5月 18 23:25:10 weizijun-bladestealth kernel: On node 0, zone DMA32: 4890 pages in unavailable ranges
 5月 18 23:25:10 weizijun-bladestealth kernel: On node 0, zone Normal: 753 pages in unavailable ranges
 5月 18 23:25:10 weizijun-bladestealth kernel: On node 0, zone Normal: 20480 pages in unavailable ranges
 5月 18 23:25:10 weizijun-bladestealth kernel: Reserving Intel graphics memory at [mem 0x39000000-0x3affffff]
 5月 18 23:25:10 weizijun-bladestealth kernel: ACPI: PM-Timer IO Port: 0x1808
 5月 18 23:25:10 weizijun-bladestealth kernel: ACPI: LAPIC_NMI (acpi_id[0x01] high edge lint[0x1])
 5月 18 23:25:10 weizijun-bladestealth kernel: ACPI: LAPIC_NMI (acpi_id[0x02] high edge lint[0x1])
 5月 18 23:25:10 weizijun-bladestealth kernel: ACPI: LAPIC_NMI (acpi_id[0x03] high edge lint[0x1])
 5月 18 23:25:10 weizijun-bladestealth kernel: ACPI: LAPIC_NMI (acpi_id[0x04] high edge lint[0x1])
 5月 18 23:25:10 weizijun-bladestealth kernel: ACPI: LAPIC_NMI (acpi_id[0x05] high edge lint[0x1])
 5月 18 23:25:10 weizijun-bladestealth kernel: ACPI: LAPIC_NMI (acpi_id[0x06] high edge lint[0x1])
 5月 18 23:25:10 weizijun-bladestealth kernel: ACPI: LAPIC_NMI (acpi_id[0x07] high edge lint[0x1])
 5月 18 23:25:10 weizijun-bladestealth kernel: ACPI: LAPIC_NMI (acpi_id[0x08] high edge lint[0x1])
 5月 18 23:25:10 weizijun-bladestealth kernel: IOAPIC[0]: apic_id 2, version 32, address 0xfec00000, GSI 0-119
 5月 18 23:25:10 weizijun-bladestealth kernel: ACPI: INT_SRC_OVR (bus 0 bus_irq 0 global_irq 2 dfl dfl)
 5月 18 23:25:10 weizijun-bladestealth kernel: ACPI: INT_SRC_OVR (bus 0 bus_irq 9 global_irq 9 high level)
 5月 18 23:25:10 weizijun-bladestealth kernel: ACPI: Using ACPI (MADT) for SMP configuration information
 5月 18 23:25:10 weizijun-bladestealth kernel: ACPI: HPET id: 0x8086a201 base: 0xfed00000
 5月 18 23:25:10 weizijun-bladestealth kernel: e820: update [mem 0x2b6b4000-0x2b6d7fff] usable ==> reserved
 5月 18 23:25:10 weizijun-bladestealth kernel: TSC deadline timer available
 5月 18 23:25:10 weizijun-bladestealth kernel: smpboot: Allowing 8 CPUs, 0 hotplug CPUs
 5月 18 23:25:10 weizijun-bladestealth kernel: PM: hibernation: Registered nosave memory: [mem 0x00000000-0x00000fff]
 5月 18 23:25:10 weizijun-bladestealth kernel: PM: hibernation: Registered nosave memory: [mem 0x0009f000-0x000fffff]
 5月 18 23:25:10 weizijun-bladestealth kernel: PM: hibernation: Registered nosave memory: [mem 0x2b6b4000-0x2b6d7fff]
 5月 18 23:25:10 weizijun-bladestealth kernel: PM: hibernation: Registered nosave memory: [mem 0x2d442000-0x2d442fff]
 5月 18 23:25:10 weizijun-bladestealth kernel: PM: hibernation: Registered nosave memory: [mem 0x2e9f4000-0x2ee5efff]
 5月 18 23:25:10 weizijun-bladestealth kernel: PM: hibernation: Registered nosave memory: [mem 0x2ee5f000-0x2eedbfff]
 5月 18 23:25:10 weizijun-bladestealth kernel: PM: hibernation: Registered nosave memory: [mem 0x2eedc000-0x2f350fff]
 5月 18 23:25:10 weizijun-bladestealth kernel: PM: hibernation: Registered nosave memory: [mem 0x2f351000-0x2fc56fff]
 5月 18 23:25:10 weizijun-bladestealth kernel: PM: hibernation: Registered nosave memory: [mem 0x2fc57000-0x2fd0dfff]
 5月 18 23:25:10 weizijun-bladestealth kernel: PM: hibernation: Registered nosave memory: [mem 0x2fd0f000-0x3affffff]
 5月 18 23:25:10 weizijun-bladestealth kernel: PM: hibernation: Registered nosave memory: [mem 0x3b000000-0xdfffffff]
 5月 18 23:25:10 weizijun-bladestealth kernel: PM: hibernation: Registered nosave memory: [mem 0xe0000000-0xefffffff]
 5月 18 23:25:10 weizijun-bladestealth kernel: PM: hibernation: Registered nosave memory: [mem 0xf0000000-0xfdffffff]
 5月 18 23:25:10 weizijun-bladestealth kernel: PM: hibernation: Registered nosave memory: [mem 0xfe000000-0xfe010fff]
 5月 18 23:25:10 weizijun-bladestealth kernel: PM: hibernation: Registered nosave memory: [mem 0xfe011000-0xfebfffff]
 5月 18 23:25:10 weizijun-bladestealth kernel: PM: hibernation: Registered nosave memory: [mem 0xfec00000-0xfec00fff]
 5月 18 23:25:10 weizijun-bladestealth kernel: PM: hibernation: Registered nosave memory: [mem 0xfec01000-0xfecfffff]
 5月 18 23:25:10 weizijun-bladestealth kernel: PM: hibernation: Registered nosave memory: [mem 0xfed00000-0xfed03fff]
 5月 18 23:25:10 weizijun-bladestealth kernel: PM: hibernation: Registered nosave memory: [mem 0xfed04000-0xfedfffff]
 5月 18 23:25:10 weizijun-bladestealth kernel: PM: hibernation: Registered nosave memory: [mem 0xfee00000-0xfee00fff]
 5月 18 23:25:10 weizijun-bladestealth kernel: PM: hibernation: Registered nosave memory: [mem 0xfee01000-0xfeffffff]
 5月 18 23:25:10 weizijun-bladestealth kernel: PM: hibernation: Registered nosave memory: [mem 0xff000000-0xffffffff]
 5月 18 23:25:10 weizijun-bladestealth kernel: [mem 0x3b000000-0xdfffffff] available for PCI devices
 5月 18 23:25:10 weizijun-bladestealth kernel: Booting paravirtualized kernel on bare hardware
 5月 18 23:25:10 weizijun-bladestealth kernel: clocksource: refined-jiffies: mask: 0xffffffff max_cycles: 0xffffffff, max_idle_ns: 6370452778343963 ns
 5月 18 23:25:10 weizijun-bladestealth kernel: setup_percpu: NR_CPUS:320 nr_cpumask_bits:8 nr_cpu_ids:8 nr_node_ids:1
 5月 18 23:25:10 weizijun-bladestealth kernel: percpu: Embedded 63 pages/cpu s221184 r8192 d28672 u262144
 5月 18 23:25:10 weizijun-bladestealth kernel: pcpu-alloc: s221184 r8192 d28672 u262144 alloc=1*2097152
 5月 18 23:25:10 weizijun-bladestealth kernel: pcpu-alloc: [0] 0 1 2 3 4 5 6 7 
 5月 18 23:25:10 weizijun-bladestealth kernel: Fallback order for Node 0: 0 
 5月 18 23:25:10 weizijun-bladestealth kernel: Built 1 zonelists, mobility grouping on.  Total pages: 2006157
 5月 18 23:25:10 weizijun-bladestealth kernel: Policy zone: Normal
 5月 18 23:25:10 weizijun-bladestealth kernel: Kernel command line: BOOT_IMAGE=/boot/vmlinuz-6.1-x86_64 root=UUID=da6e9076-dc59-4c23-b0eb-037c01fbf604 rw quiet splash apparmor=1 security=apparmor udev.log_priority=3
 5月 18 23:25:10 weizijun-bladestealth kernel: Unknown kernel command line parameters "splash BOOT_IMAGE=/boot/vmlinuz-6.1-x86_64", will be passed to user space.
 5月 18 23:25:10 weizijun-bladestealth kernel: random: crng init done
 5月 18 23:25:10 weizijun-bladestealth kernel: Dentry cache hash table entries: 1048576 (order: 11, 8388608 bytes, linear)
 5月 18 23:25:10 weizijun-bladestealth kernel: Inode-cache hash table entries: 524288 (order: 10, 4194304 bytes, linear)
 5月 18 23:25:10 weizijun-bladestealth kernel: mem auto-init: stack:all(zero), heap alloc:on, heap free:off
 5月 18 23:25:10 weizijun-bladestealth kernel: software IO TLB: area num 8.
 5月 18 23:25:10 weizijun-bladestealth kernel: Memory: 7756516K/8152652K available (16391K kernel code, 2157K rwdata, 11140K rodata, 2152K init, 5312K bss, 395876K reserved, 0K cma-reserved)
 5月 18 23:25:10 weizijun-bladestealth kernel: SLUB: HWalign=64, Order=0-3, MinObjects=0, CPUs=8, Nodes=1
 5月 18 23:25:10 weizijun-bladestealth kernel: ftrace: allocating 46621 entries in 183 pages
 5月 18 23:25:10 weizijun-bladestealth kernel: ftrace: allocated 183 pages with 6 groups
 5月 18 23:25:10 weizijun-bladestealth kernel: Dynamic Preempt: full
 5月 18 23:25:10 weizijun-bladestealth kernel: rcu: Preemptible hierarchical RCU implementation.
 5月 18 23:25:10 weizijun-bladestealth kernel: rcu:         RCU restricting CPUs from NR_CPUS=320 to nr_cpu_ids=8.
 5月 18 23:25:10 weizijun-bladestealth kernel: rcu:         RCU priority boosting: priority 1 delay 500 ms.
 5月 18 23:25:10 weizijun-bladestealth kernel:         Trampoline variant of Tasks RCU enabled.
 5月 18 23:25:10 weizijun-bladestealth kernel:         Rude variant of Tasks RCU enabled.
 5月 18 23:25:10 weizijun-bladestealth kernel:         Tracing variant of Tasks RCU enabled.
 5月 18 23:25:10 weizijun-bladestealth kernel: rcu: RCU calculated value of scheduler-enlistment delay is 30 jiffies.
 5月 18 23:25:10 weizijun-bladestealth kernel: rcu: Adjusting geometry for rcu_fanout_leaf=16, nr_cpu_ids=8
 5月 18 23:25:10 weizijun-bladestealth kernel: NR_IRQS: 20736, nr_irqs: 2048, preallocated irqs: 16
 5月 18 23:25:10 weizijun-bladestealth kernel: rcu: srcu_init: Setting srcu_struct sizes based on contention.
 5月 18 23:25:10 weizijun-bladestealth kernel: kfence: initialized - using 2097152 bytes for 255 objects at 0x(____ptrval____)-0x(____ptrval____)
 5月 18 23:25:10 weizijun-bladestealth kernel: Console: colour dummy device 80x25
 5月 18 23:25:10 weizijun-bladestealth kernel: printk: console [tty0] enabled
 5月 18 23:25:10 weizijun-bladestealth kernel: ACPI: Core revision 20220331
 5月 18 23:25:10 weizijun-bladestealth kernel: hpet: HPET dysfunctional in PC10. Force disabled.
 5月 18 23:25:10 weizijun-bladestealth kernel: APIC: Switch to symmetric I/O mode setup
 5月 18 23:25:10 weizijun-bladestealth kernel: DMAR: Host address width 39
 5月 18 23:25:10 weizijun-bladestealth kernel: DMAR: DRHD base: 0x000000fed90000 flags: 0x0
 5月 18 23:25:10 weizijun-bladestealth kernel: DMAR: dmar0: reg_base_addr fed90000 ver 1:0 cap 1c0000c40660462 ecap 19e2ff0505e
 5月 18 23:25:10 weizijun-bladestealth kernel: DMAR: DRHD base: 0x000000fed91000 flags: 0x1
 5月 18 23:25:10 weizijun-bladestealth kernel: DMAR: dmar1: reg_base_addr fed91000 ver 1:0 cap d2008c40660462 ecap f050da
 5月 18 23:25:10 weizijun-bladestealth kernel: DMAR: RMRR base: 0x0000002ee0b000 end: 0x0000002ee2afff
 5月 18 23:25:10 weizijun-bladestealth kernel: DMAR: RMRR base: 0x00000038800000 end: 0x0000003affffff
 5月 18 23:25:10 weizijun-bladestealth kernel: DMAR-IR: IOAPIC id 2 under DRHD base  0xfed91000 IOMMU 1
 5月 18 23:25:10 weizijun-bladestealth kernel: DMAR-IR: HPET id 0 under DRHD base 0xfed91000
 5月 18 23:25:10 weizijun-bladestealth kernel: DMAR-IR: Queued invalidation will be enabled to support x2apic and Intr-remapping.
 5月 18 23:25:10 weizijun-bladestealth kernel: DMAR-IR: Enabled IRQ remapping in x2apic mode
 5月 18 23:25:10 weizijun-bladestealth kernel: x2apic enabled
 5月 18 23:25:10 weizijun-bladestealth kernel: Switched APIC routing to cluster x2apic.
 5月 18 23:25:10 weizijun-bladestealth kernel: clocksource: tsc-early: mask: 0xffffffffffffffff max_cycles: 0x39a8208cdd2, max_idle_ns: 881590748921 ns
 5月 18 23:25:10 weizijun-bladestealth kernel: Calibrating delay loop (skipped), value calculated using timer frequency.. 4001.60 BogoMIPS (lpj=6666560)
 5月 18 23:25:10 weizijun-bladestealth kernel: pid_max: default: 32768 minimum: 301
 5月 18 23:25:10 weizijun-bladestealth kernel: LSM: Security Framework initializing
 5月 18 23:25:10 weizijun-bladestealth kernel: landlock: Up and running.
 5月 18 23:25:10 weizijun-bladestealth kernel: Yama: becoming mindful.
 5月 18 23:25:10 weizijun-bladestealth kernel: LSM support for eBPF active
 5月 18 23:25:10 weizijun-bladestealth kernel: AppArmor: AppArmor initialized
 5月 18 23:25:10 weizijun-bladestealth kernel: Mount-cache hash table entries: 16384 (order: 5, 131072 bytes, linear)
 5月 18 23:25:10 weizijun-bladestealth kernel: Mountpoint-cache hash table entries: 16384 (order: 5, 131072 bytes, linear)
 5月 18 23:25:10 weizijun-bladestealth kernel: x86/cpu: VMX (outside TXT) disabled by BIOS
 5月 18 23:25:10 weizijun-bladestealth kernel: x86/cpu: SGX virtualization disabled due to lack of VMX.
 5月 18 23:25:10 weizijun-bladestealth kernel: CPU0: Thermal monitoring enabled (TM1)
 5月 18 23:25:10 weizijun-bladestealth kernel: process: using mwait in idle threads
 5月 18 23:25:10 weizijun-bladestealth kernel: Last level iTLB entries: 4KB 64, 2MB 8, 4MB 8
 5月 18 23:25:10 weizijun-bladestealth kernel: Last level dTLB entries: 4KB 64, 2MB 0, 4MB 0, 1GB 4
 5月 18 23:25:10 weizijun-bladestealth kernel: Spectre V1 : Mitigation: usercopy/swapgs barriers and __user pointer sanitization
 5月 18 23:25:10 weizijun-bladestealth kernel: Spectre V2 : Mitigation: IBRS
 5月 18 23:25:10 weizijun-bladestealth kernel: Spectre V2 : Spectre v2 / SpectreRSB mitigation: Filling RSB on context switch
 5月 18 23:25:10 weizijun-bladestealth kernel: Spectre V2 : Spectre v2 / SpectreRSB : Filling RSB on VMEXIT
 5月 18 23:25:10 weizijun-bladestealth kernel: RETBleed: Mitigation: IBRS
 5月 18 23:25:10 weizijun-bladestealth kernel: Spectre V2 : mitigation: Enabling conditional Indirect Branch Prediction Barrier
 5月 18 23:25:10 weizijun-bladestealth kernel: Spectre V2 : User space: Mitigation: STIBP via prctl
 5月 18 23:25:10 weizijun-bladestealth kernel: Speculative Store Bypass: Mitigation: Speculative Store Bypass disabled via prctl
 5月 18 23:25:10 weizijun-bladestealth kernel: MDS: Mitigation: Clear CPU buffers
 5月 18 23:25:10 weizijun-bladestealth kernel: MMIO Stale Data: Mitigation: Clear CPU buffers
 5月 18 23:25:10 weizijun-bladestealth kernel: SRBDS: Mitigation: Microcode
 5月 18 23:25:10 weizijun-bladestealth kernel: Freeing SMP alternatives memory: 40K
 5月 18 23:25:10 weizijun-bladestealth kernel: smpboot: CPU0: Intel(R) Core(TM) i7-8565U CPU @ 1.80GHz (family: 0x6, model: 0x8e, stepping: 0xb)
 5月 18 23:25:10 weizijun-bladestealth kernel: cblist_init_generic: Setting adjustable number of callback queues.
 5月 18 23:25:10 weizijun-bladestealth kernel: cblist_init_generic: Setting shift to 3 and lim to 1.
 5月 18 23:25:10 weizijun-bladestealth kernel: cblist_init_generic: Setting shift to 3 and lim to 1.
 5月 18 23:25:10 weizijun-bladestealth kernel: cblist_init_generic: Setting shift to 3 and lim to 1.
 5月 18 23:25:10 weizijun-bladestealth kernel: Performance Events: PEBS fmt3+, Skylake events, 32-deep LBR, full-width counters, Intel PMU driver.
 5月 18 23:25:10 weizijun-bladestealth kernel: ... version:                4
 5月 18 23:25:10 weizijun-bladestealth kernel: ... bit width:              48
 5月 18 23:25:10 weizijun-bladestealth kernel: ... generic registers:      4
 5月 18 23:25:10 weizijun-bladestealth kernel: ... value mask:             0000ffffffffffff
 5月 18 23:25:10 weizijun-bladestealth kernel: ... max period:             00007fffffffffff
 5月 18 23:25:10 weizijun-bladestealth kernel: ... fixed-purpose events:   3
 5月 18 23:25:10 weizijun-bladestealth kernel: ... event mask:             000000070000000f
 5月 18 23:25:10 weizijun-bladestealth kernel: Estimated ratio of average max frequency by base frequency (times 1024): 2099
 5月 18 23:25:10 weizijun-bladestealth kernel: rcu: Hierarchical SRCU implementation.
 5月 18 23:25:10 weizijun-bladestealth kernel: rcu:         Max phase no-delay instances is 1000.
 5月 18 23:25:10 weizijun-bladestealth kernel: NMI watchdog: Enabled. Permanently consumes one hw-PMU counter.
 5月 18 23:25:10 weizijun-bladestealth kernel: smp: Bringing up secondary CPUs ...
 5月 18 23:25:10 weizijun-bladestealth kernel: x86: Booting SMP configuration:
 5月 18 23:25:10 weizijun-bladestealth kernel: .... node  #0, CPUs:      #1 #2 #3 #4
 5月 18 23:25:10 weizijun-bladestealth kernel: MDS CPU bug present and SMT on, data leak possible. See https://www.kernel.org/doc/html/latest/admin-guide/hw-vuln/mds.html for more details.
 5月 18 23:25:10 weizijun-bladestealth kernel: MMIO Stale Data CPU bug present and SMT on, data leak possible. See https://www.kernel.org/doc/html/latest/admin-guide/hw-vuln/processor_mmio_stale_data.html for more details.
 5月 18 23:25:10 weizijun-bladestealth kernel:  #5 #6 #7
 5月 18 23:25:10 weizijun-bladestealth kernel: smp: Brought up 1 node, 8 CPUs
 5月 18 23:25:10 weizijun-bladestealth kernel: smpboot: Max logical packages: 1
 5月 18 23:25:10 weizijun-bladestealth kernel: smpboot: Total of 8 processors activated (32012.80 BogoMIPS)
 5月 18 23:25:10 weizijun-bladestealth kernel: devtmpfs: initialized
 5月 18 23:25:10 weizijun-bladestealth kernel: x86/mm: Memory block size: 128MB
 5月 18 23:25:10 weizijun-bladestealth kernel: ACPI: PM: Registering ACPI NVS region [mem 0x2eedc000-0x2f350fff] (4673536 bytes)
 5月 18 23:25:10 weizijun-bladestealth kernel: clocksource: jiffies: mask: 0xffffffff max_cycles: 0xffffffff, max_idle_ns: 6370867519511994 ns
 5月 18 23:25:10 weizijun-bladestealth kernel: futex hash table entries: 2048 (order: 5, 131072 bytes, linear)
 5月 18 23:25:10 weizijun-bladestealth kernel: pinctrl core: initialized pinctrl subsystem
 5月 18 23:25:10 weizijun-bladestealth kernel: PM: RTC time: 15:25:06, date: 2023-05-18
 5月 18 23:25:10 weizijun-bladestealth kernel: NET: Registered PF_NETLINK/PF_ROUTE protocol family
 5月 18 23:25:10 weizijun-bladestealth kernel: DMA: preallocated 1024 KiB GFP_KERNEL pool for atomic allocations
 5月 18 23:25:10 weizijun-bladestealth kernel: DMA: preallocated 1024 KiB GFP_KERNEL|GFP_DMA pool for atomic allocations
 5月 18 23:25:10 weizijun-bladestealth kernel: DMA: preallocated 1024 KiB GFP_KERNEL|GFP_DMA32 pool for atomic allocations
 5月 18 23:25:10 weizijun-bladestealth kernel: audit: initializing netlink subsys (disabled)
 5月 18 23:25:10 weizijun-bladestealth kernel: audit: type=2000 audit(1684423506.029:1): state=initialized audit_enabled=0 res=1
 5月 18 23:25:10 weizijun-bladestealth kernel: thermal_sys: Registered thermal governor 'fair_share'
 5月 18 23:25:10 weizijun-bladestealth kernel: thermal_sys: Registered thermal governor 'bang_bang'
 5月 18 23:25:10 weizijun-bladestealth kernel: thermal_sys: Registered thermal governor 'step_wise'
 5月 18 23:25:10 weizijun-bladestealth kernel: thermal_sys: Registered thermal governor 'user_space'
 5月 18 23:25:10 weizijun-bladestealth kernel: thermal_sys: Registered thermal governor 'power_allocator'
 5月 18 23:25:10 weizijun-bladestealth kernel: cpuidle: using governor ladder
 5月 18 23:25:10 weizijun-bladestealth kernel: cpuidle: using governor menu
 5月 18 23:25:10 weizijun-bladestealth kernel: acpiphp: ACPI Hot Plug PCI Controller Driver version: 0.5
 5月 18 23:25:10 weizijun-bladestealth kernel: PCI: MMCONFIG for domain 0000 [bus 00-ff] at [mem 0xe0000000-0xefffffff] (base 0xe0000000)
 5月 18 23:25:10 weizijun-bladestealth kernel: PCI: MMCONFIG at [mem 0xe0000000-0xefffffff] reserved in E820
 5月 18 23:25:10 weizijun-bladestealth kernel: PCI: Using configuration type 1 for base access
 5月 18 23:25:10 weizijun-bladestealth kernel: ENERGY_PERF_BIAS: Set to 'normal', was 'performance'
 5月 18 23:25:10 weizijun-bladestealth kernel: kprobes: kprobe jump-optimization is enabled. All kprobes are optimized if possible.
 5月 18 23:25:10 weizijun-bladestealth kernel: HugeTLB: registered 1.00 GiB page size, pre-allocated 0 pages
 5月 18 23:25:10 weizijun-bladestealth kernel: HugeTLB: 16380 KiB vmemmap can be freed for a 1.00 GiB page
 5月 18 23:25:10 weizijun-bladestealth kernel: HugeTLB: registered 2.00 MiB page size, pre-allocated 0 pages
 5月 18 23:25:10 weizijun-bladestealth kernel: HugeTLB: 28 KiB vmemmap can be freed for a 2.00 MiB page
 5月 18 23:25:10 weizijun-bladestealth kernel: ACPI: Added _OSI(Module Device)
 5月 18 23:25:10 weizijun-bladestealth kernel: ACPI: Added _OSI(Processor Device)
 5月 18 23:25:10 weizijun-bladestealth kernel: ACPI: Added _OSI(3.0 _SCP Extensions)
 5月 18 23:25:10 weizijun-bladestealth kernel: ACPI: Added _OSI(Processor Aggregator Device)
 5月 18 23:25:10 weizijun-bladestealth kernel: ACPI: 11 ACPI AML tables successfully acquired and loaded
 5月 18 23:25:10 weizijun-bladestealth kernel: ACPI: Dynamic OEM Table Load:
 5月 18 23:25:10 weizijun-bladestealth kernel: ACPI: SSDT 0xFFFF88EA0171D300 0000F4 (v02 PmRef  Cpu0Psd  00003000 INTL 20160527)
 5月 18 23:25:10 weizijun-bladestealth kernel: ACPI: \_SB_.PR00: _OSC native thermal LVT Acked
 5月 18 23:25:10 weizijun-bladestealth kernel: ACPI: Dynamic OEM Table Load:
 5月 18 23:25:10 weizijun-bladestealth kernel: ACPI: SSDT 0xFFFF88EA00EB8800 000400 (v02 PmRef  Cpu0Cst  00003001 INTL 20160527)
 5月 18 23:25:10 weizijun-bladestealth kernel: ACPI: Dynamic OEM Table Load:
 5月 18 23:25:10 weizijun-bladestealth kernel: ACPI: SSDT 0xFFFF88EA01764000 00053F (v02 PmRef  Cpu0Ist  00003000 INTL 20160527)
 5月 18 23:25:10 weizijun-bladestealth kernel: ACPI: Dynamic OEM Table Load:
 5月 18 23:25:10 weizijun-bladestealth kernel: ACPI: SSDT 0xFFFF88EA01762800 0005FC (v02 PmRef  ApIst    00003000 INTL 20160527)
 5月 18 23:25:10 weizijun-bladestealth kernel: ACPI: Dynamic OEM Table Load:
 5月 18 23:25:10 weizijun-bladestealth kernel: ACPI: SSDT 0xFFFF88EA00EB1000 000AB0 (v02 PmRef  ApPsd    00003000 INTL 20160527)
 5月 18 23:25:10 weizijun-bladestealth kernel: ACPI: Dynamic OEM Table Load:
 5月 18 23:25:10 weizijun-bladestealth kernel: ACPI: SSDT 0xFFFF88EA00EBAC00 00030A (v02 PmRef  ApCst    00003000 INTL 20160527)
 5月 18 23:25:10 weizijun-bladestealth kernel: ACPI: EC: EC started
 5月 18 23:25:10 weizijun-bladestealth kernel: ACPI: EC: interrupt blocked
 5月 18 23:25:10 weizijun-bladestealth kernel: ACPI Error: No handler for Region [VRTC] ((____ptrval____)) [SystemCMOS] (20220331/evregion-130)
 5月 18 23:25:10 weizijun-bladestealth kernel: ACPI Error: Region SystemCMOS (ID=5) has no handler (20220331/exfldio-261)
 5月 18 23:25:10 weizijun-bladestealth kernel: ACPI Error: Aborting method \_SB.PCI0.LPCB.EC0.RTEC due to previous error (AE_NOT_EXIST) (20220331/psparse-529)
 5月 18 23:25:10 weizijun-bladestealth kernel: ACPI Error: Aborting method \_SB.PCI0.LPCB.EC0._REG due to previous error (AE_NOT_EXIST) (20220331/psparse-529)
 5月 18 23:25:10 weizijun-bladestealth kernel: ACPI: EC: EC_CMD/EC_SC=0x66, EC_DATA=0x62
 5月 18 23:25:10 weizijun-bladestealth kernel: ACPI: \_SB_.PCI0.LPCB.EC0_: Boot DSDT EC used to handle transactions
 5月 18 23:25:10 weizijun-bladestealth kernel: ACPI: Interpreter enabled
 5月 18 23:25:10 weizijun-bladestealth kernel: ACPI: PM: (supports S0 S3 S4 S5)
 5月 18 23:25:10 weizijun-bladestealth kernel: ACPI: Using IOAPIC for interrupt routing
 5月 18 23:25:10 weizijun-bladestealth kernel: PCI: Using host bridge windows from ACPI; if necessary, use "pci=nocrs" and report a bug
 5月 18 23:25:10 weizijun-bladestealth kernel: PCI: Using E820 reservations for host bridge windows
 5月 18 23:25:10 weizijun-bladestealth kernel: ACPI: Enabled 8 GPEs in block 00 to 7F
 5月 18 23:25:10 weizijun-bladestealth kernel: ACPI: PM: Power Resource [PXP]
 5月 18 23:25:10 weizijun-bladestealth kernel: ACPI: PM: Power Resource [BTPR]
 5月 18 23:25:10 weizijun-bladestealth kernel: ACPI: PM: Power Resource [USBC]
 5月 18 23:25:10 weizijun-bladestealth kernel: ACPI: PM: Power Resource [V0PR]
 5月 18 23:25:10 weizijun-bladestealth kernel: ACPI: PM: Power Resource [V1PR]
 5月 18 23:25:10 weizijun-bladestealth kernel: ACPI: PM: Power Resource [V2PR]
 5月 18 23:25:10 weizijun-bladestealth kernel: ACPI: PM: Power Resource [WRST]
 5月 18 23:25:10 weizijun-bladestealth kernel: ACPI: PM: Power Resource [FN00]
 5月 18 23:25:10 weizijun-bladestealth kernel: ACPI: PM: Power Resource [FN01]
 5月 18 23:25:10 weizijun-bladestealth kernel: ACPI: PM: Power Resource [FN02]
 5月 18 23:25:10 weizijun-bladestealth kernel: ACPI: PM: Power Resource [FN03]
 5月 18 23:25:10 weizijun-bladestealth kernel: ACPI: PM: Power Resource [FN04]
 5月 18 23:25:10 weizijun-bladestealth kernel: ACPI: PM: Power Resource [PIN]
 5月 18 23:25:10 weizijun-bladestealth kernel: ACPI: PCI Root Bridge [PCI0] (domain 0000 [bus 00-fe])
 5月 18 23:25:10 weizijun-bladestealth kernel: acpi PNP0A08:00: _OSC: OS supports [ExtendedConfig ASPM ClockPM Segments MSI EDR HPX-Type3]
 5月 18 23:25:10 weizijun-bladestealth kernel: acpi PNP0A08:00: _OSC: platform does not support [AER]
 5月 18 23:25:10 weizijun-bladestealth kernel: acpi PNP0A08:00: _OSC: OS now controls [PCIeHotplug SHPCHotplug PME PCIeCapability LTR DPC]
 5月 18 23:25:10 weizijun-bladestealth kernel: PCI host bridge to bus 0000:00
 5月 18 23:25:10 weizijun-bladestealth kernel: pci_bus 0000:00: root bus resource [io  0x0000-0x0cf7 window]
 5月 18 23:25:10 weizijun-bladestealth kernel: pci_bus 0000:00: root bus resource [io  0x0d00-0xffff window]
 5月 18 23:25:10 weizijun-bladestealth kernel: pci_bus 0000:00: root bus resource [mem 0x000a0000-0x000bffff window]
 5月 18 23:25:10 weizijun-bladestealth kernel: pci_bus 0000:00: root bus resource [mem 0x000e0000-0x000fffff window]
 5月 18 23:25:10 weizijun-bladestealth kernel: pci_bus 0000:00: root bus resource [mem 0x3b000000-0xdfffffff window]
 5月 18 23:25:10 weizijun-bladestealth kernel: pci_bus 0000:00: root bus resource [mem 0x4000000000-0x7fffffffff window]
 5月 18 23:25:10 weizijun-bladestealth kernel: pci_bus 0000:00: root bus resource [mem 0xfc800000-0xfe7fffff window]
 5月 18 23:25:10 weizijun-bladestealth kernel: pci_bus 0000:00: root bus resource [bus 00-fe]
 5月 18 23:25:10 weizijun-bladestealth kernel: pci 0000:00:00.0: [8086:3e34] type 00 class 0x060000
 5月 18 23:25:10 weizijun-bladestealth kernel: pci 0000:00:02.0: [8086:3ea0] type 00 class 0x030000
 5月 18 23:25:10 weizijun-bladestealth kernel: pci 0000:00:02.0: reg 0x10: [mem 0x6022000000-0x6022ffffff 64bit]
 5月 18 23:25:10 weizijun-bladestealth kernel: pci 0000:00:02.0: reg 0x18: [mem 0x4000000000-0x400fffffff 64bit pref]
 5月 18 23:25:10 weizijun-bladestealth kernel: pci 0000:00:02.0: reg 0x20: [io  0x3000-0x303f]
 5月 18 23:25:10 weizijun-bladestealth kernel: pci 0000:00:02.0: BAR 2: assigned to efifb
 5月 18 23:25:10 weizijun-bladestealth kernel: pci 0000:00:02.0: Video device with shadowed ROM at [mem 0x000c0000-0x000dffff]
 5月 18 23:25:10 weizijun-bladestealth kernel: pci 0000:00:04.0: [8086:1903] type 00 class 0x118000
 5月 18 23:25:10 weizijun-bladestealth kernel: pci 0000:00:04.0: reg 0x10: [mem 0x6023110000-0x6023117fff 64bit]
 5月 18 23:25:10 weizijun-bladestealth kernel: pci 0000:00:12.0: [8086:9df9] type 00 class 0x118000
 5月 18 23:25:10 weizijun-bladestealth kernel: pci 0000:00:12.0: reg 0x10: [mem 0x6023127000-0x6023127fff 64bit]
 5月 18 23:25:10 weizijun-bladestealth kernel: pci 0000:00:14.0: [8086:9ded] type 00 class 0x0c0330
 5月 18 23:25:10 weizijun-bladestealth kernel: pci 0000:00:14.0: reg 0x10: [mem 0x6023100000-0x602310ffff 64bit]
 5月 18 23:25:10 weizijun-bladestealth kernel: pci 0000:00:14.0: PME# supported from D3hot D3cold
 5月 18 23:25:10 weizijun-bladestealth kernel: pci 0000:00:14.2: [8086:9def] type 00 class 0x050000
 5月 18 23:25:10 weizijun-bladestealth kernel: pci 0000:00:14.2: reg 0x10: [mem 0x6023120000-0x6023121fff 64bit]
 5月 18 23:25:10 weizijun-bladestealth kernel: pci 0000:00:14.2: reg 0x18: [mem 0x6023126000-0x6023126fff 64bit]
 5月 18 23:25:10 weizijun-bladestealth kernel: pci 0000:00:14.3: [8086:9df0] type 00 class 0x028000
 5月 18 23:25:10 weizijun-bladestealth kernel: pci 0000:00:14.3: reg 0x10: [mem 0x602311c000-0x602311ffff 64bit]
 5月 18 23:25:10 weizijun-bladestealth kernel: pci 0000:00:14.3: PME# supported from D0 D3hot D3cold
 5月 18 23:25:10 weizijun-bladestealth kernel: pci 0000:00:15.0: [8086:9de8] type 00 class 0x0c8000
 5月 18 23:25:10 weizijun-bladestealth kernel: pci 0000:00:15.0: reg 0x10: [mem 0x00000000-0x00000fff 64bit]
 5月 18 23:25:10 weizijun-bladestealth kernel: pci 0000:00:15.1: [8086:9de9] type 00 class 0x0c8000
 5月 18 23:25:10 weizijun-bladestealth kernel: pci 0000:00:15.1: reg 0x10: [mem 0x00000000-0x00000fff 64bit]
 5月 18 23:25:10 weizijun-bladestealth kernel: pci 0000:00:16.0: [8086:9de0] type 00 class 0x078000
 5月 18 23:25:10 weizijun-bladestealth kernel: pci 0000:00:16.0: reg 0x10: [mem 0x6023123000-0x6023123fff 64bit]
 5月 18 23:25:10 weizijun-bladestealth kernel: pci 0000:00:16.0: PME# supported from D3hot
 5月 18 23:25:10 weizijun-bladestealth kernel: pci 0000:00:1d.0: [8086:9db0] type 01 class 0x060400
 5月 18 23:25:10 weizijun-bladestealth kernel: pci 0000:00:1d.0: PME# supported from D0 D3hot D3cold
 5月 18 23:25:10 weizijun-bladestealth kernel: pci 0000:00:1d.0: PTM enabled (root), 4ns granularity
 5月 18 23:25:10 weizijun-bladestealth kernel: pci 0000:00:1d.4: [8086:9db4] type 01 class 0x060400
 5月 18 23:25:10 weizijun-bladestealth kernel: pci 0000:00:1d.4: PME# supported from D0 D3hot D3cold
 5月 18 23:25:10 weizijun-bladestealth kernel: pci 0000:00:1d.4: PTM enabled (root), 4ns granularity
 5月 18 23:25:10 weizijun-bladestealth kernel: pci 0000:00:1f.0: [8086:9d84] type 00 class 0x060100
 5月 18 23:25:10 weizijun-bladestealth kernel: pci 0000:00:1f.3: [8086:9dc8] type 00 class 0x040300
 5月 18 23:25:10 weizijun-bladestealth kernel: pci 0000:00:1f.3: reg 0x10: [mem 0x6023118000-0x602311bfff 64bit]
 5月 18 23:25:10 weizijun-bladestealth kernel: pci 0000:00:1f.3: reg 0x20: [mem 0x6023000000-0x60230fffff 64bit]
 5月 18 23:25:10 weizijun-bladestealth kernel: pci 0000:00:1f.3: PME# supported from D3hot D3cold
 5月 18 23:25:10 weizijun-bladestealth kernel: pci 0000:00:1f.4: [8086:9da3] type 00 class 0x0c0500
 5月 18 23:25:10 weizijun-bladestealth kernel: pci 0000:00:1f.4: reg 0x10: [mem 0x6023122000-0x60231220ff 64bit]
 5月 18 23:25:10 weizijun-bladestealth kernel: pci 0000:00:1f.4: reg 0x20: [io  0xefa0-0xefbf]
 5月 18 23:25:10 weizijun-bladestealth kernel: pci 0000:00:1f.5: [8086:9da4] type 00 class 0x0c8000
 5月 18 23:25:10 weizijun-bladestealth kernel: pci 0000:00:1f.5: reg 0x10: [mem 0xfe010000-0xfe010fff]
 5月 18 23:25:10 weizijun-bladestealth kernel: pci 0000:01:00.0: [8086:15da] type 01 class 0x060400
 5月 18 23:25:10 weizijun-bladestealth kernel: pci 0000:01:00.0: enabling Extended Tags
 5月 18 23:25:10 weizijun-bladestealth kernel: pci 0000:01:00.0: supports D1 D2
 5月 18 23:25:10 weizijun-bladestealth kernel: pci 0000:01:00.0: PME# supported from D0 D1 D2 D3hot D3cold
 5月 18 23:25:10 weizijun-bladestealth kernel: pci 0000:00:1d.0: PCI bridge to [bus 01-39]
 5月 18 23:25:10 weizijun-bladestealth kernel: pci 0000:00:1d.0:   bridge window [mem 0x3c000000-0x520fffff]
 5月 18 23:25:10 weizijun-bladestealth kernel: pci 0000:00:1d.0:   bridge window [mem 0x6000000000-0x6021ffffff 64bit pref]
 5月 18 23:25:10 weizijun-bladestealth kernel: pci 0000:02:00.0: [8086:15da] type 01 class 0x060400
 5月 18 23:25:10 weizijun-bladestealth kernel: pci 0000:02:00.0: enabling Extended Tags
 5月 18 23:25:10 weizijun-bladestealth kernel: pci 0000:02:00.0: supports D1 D2
 5月 18 23:25:10 weizijun-bladestealth kernel: pci 0000:02:00.0: PME# supported from D0 D1 D2 D3hot D3cold
 5月 18 23:25:10 weizijun-bladestealth kernel: pci 0000:02:01.0: [8086:15da] type 01 class 0x060400
 5月 18 23:25:10 weizijun-bladestealth kernel: pci 0000:02:01.0: enabling Extended Tags
 5月 18 23:25:10 weizijun-bladestealth kernel: pci 0000:02:01.0: supports D1 D2
 5月 18 23:25:10 weizijun-bladestealth kernel: pci 0000:02:01.0: PME# supported from D0 D1 D2 D3hot D3cold
 5月 18 23:25:10 weizijun-bladestealth kernel: pci 0000:02:02.0: [8086:15da] type 01 class 0x060400
 5月 18 23:25:10 weizijun-bladestealth kernel: pci 0000:02:02.0: enabling Extended Tags
 5月 18 23:25:10 weizijun-bladestealth kernel: pci 0000:02:02.0: supports D1 D2
 5月 18 23:25:10 weizijun-bladestealth kernel: pci 0000:02:02.0: PME# supported from D0 D1 D2 D3hot D3cold
 5月 18 23:25:10 weizijun-bladestealth kernel: pci 0000:01:00.0: PCI bridge to [bus 02-39]
 5月 18 23:25:10 weizijun-bladestealth kernel: pci 0000:01:00.0:   bridge window [mem 0x3c000000-0x520fffff]
 5月 18 23:25:10 weizijun-bladestealth kernel: pci 0000:01:00.0:   bridge window [mem 0x6000000000-0x6021ffffff 64bit pref]
 5月 18 23:25:10 weizijun-bladestealth kernel: pci 0000:03:00.0: [8086:15d9] type 00 class 0x088000
 5月 18 23:25:10 weizijun-bladestealth kernel: pci 0000:03:00.0: reg 0x10: [mem 0x52000000-0x5203ffff]
 5月 18 23:25:10 weizijun-bladestealth kernel: pci 0000:03:00.0: reg 0x14: [mem 0x52040000-0x52040fff]
 5月 18 23:25:10 weizijun-bladestealth kernel: pci 0000:03:00.0: enabling Extended Tags
 5月 18 23:25:10 weizijun-bladestealth kernel: pci 0000:03:00.0: supports D1 D2
 5月 18 23:25:10 weizijun-bladestealth kernel: pci 0000:03:00.0: PME# supported from D0 D1 D2 D3hot D3cold
 5月 18 23:25:10 weizijun-bladestealth kernel: pci 0000:02:00.0: PCI bridge to [bus 03]
 5月 18 23:25:10 weizijun-bladestealth kernel: pci 0000:02:00.0:   bridge window [mem 0x52000000-0x520fffff]
 5月 18 23:25:10 weizijun-bladestealth kernel: pci 0000:02:01.0: PCI bridge to [bus 04-38]
 5月 18 23:25:10 weizijun-bladestealth kernel: pci 0000:02:01.0:   bridge window [mem 0x3c000000-0x51efffff]
 5月 18 23:25:10 weizijun-bladestealth kernel: pci 0000:02:01.0:   bridge window [mem 0x6000000000-0x6021ffffff 64bit pref]
 5月 18 23:25:10 weizijun-bladestealth kernel: pci 0000:39:00.0: [8086:15db] type 00 class 0x0c0330
 5月 18 23:25:10 weizijun-bladestealth kernel: pci 0000:39:00.0: reg 0x10: [mem 0x51f00000-0x51f0ffff]
 5月 18 23:25:10 weizijun-bladestealth kernel: pci 0000:39:00.0: enabling Extended Tags
 5月 18 23:25:10 weizijun-bladestealth kernel: pci 0000:39:00.0: supports D1 D2
 5月 18 23:25:10 weizijun-bladestealth kernel: pci 0000:39:00.0: PME# supported from D0 D1 D2 D3hot D3cold
 5月 18 23:25:10 weizijun-bladestealth kernel: pci 0000:39:00.0: 8.000 Gb/s available PCIe bandwidth, limited by 2.5 GT/s PCIe x4 link at 0000:02:02.0 (capable of 31.504 Gb/s with 8.0 GT/s PCIe x4 link)
 5月 18 23:25:10 weizijun-bladestealth kernel: pci 0000:02:02.0: PCI bridge to [bus 39]
 5月 18 23:25:10 weizijun-bladestealth kernel: pci 0000:02:02.0:   bridge window [mem 0x51f00000-0x51ffffff]
 5月 18 23:25:10 weizijun-bladestealth kernel: pci 0000:3a:00.0: [c0a9:540a] type 00 class 0x010802
 5月 18 23:25:10 weizijun-bladestealth kernel: pci 0000:3a:00.0: reg 0x10: [mem 0x52200000-0x52203fff 64bit]
 5月 18 23:25:10 weizijun-bladestealth kernel: pci 0000:00:1d.4: PCI bridge to [bus 3a]
 5月 18 23:25:10 weizijun-bladestealth kernel: pci 0000:00:1d.4:   bridge window [mem 0x52200000-0x522fffff]
 5月 18 23:25:10 weizijun-bladestealth kernel: ACPI: PCI: Interrupt link LNKA configured for IRQ 0
 5月 18 23:25:10 weizijun-bladestealth kernel: ACPI: PCI: Interrupt link LNKB configured for IRQ 1
 5月 18 23:25:10 weizijun-bladestealth kernel: ACPI: PCI: Interrupt link LNKC configured for IRQ 0
 5月 18 23:25:10 weizijun-bladestealth kernel: ACPI: PCI: Interrupt link LNKD configured for IRQ 0
 5月 18 23:25:10 weizijun-bladestealth kernel: ACPI: PCI: Interrupt link LNKE configured for IRQ 0
 5月 18 23:25:10 weizijun-bladestealth kernel: ACPI: PCI: Interrupt link LNKF configured for IRQ 0
 5月 18 23:25:10 weizijun-bladestealth kernel: ACPI: PCI: Interrupt link LNKG configured for IRQ 0
 5月 18 23:25:10 weizijun-bladestealth kernel: ACPI: PCI: Interrupt link LNKH configured for IRQ 0
 5月 18 23:25:10 weizijun-bladestealth kernel: ACPI: EC: interrupt unblocked
 5月 18 23:25:10 weizijun-bladestealth kernel: ACPI: EC: event unblocked
 5月 18 23:25:10 weizijun-bladestealth kernel: ACPI: EC: EC_CMD/EC_SC=0x66, EC_DATA=0x62
 5月 18 23:25:10 weizijun-bladestealth kernel: ACPI: EC: GPE=0x50
 5月 18 23:25:10 weizijun-bladestealth kernel: ACPI: \_SB_.PCI0.LPCB.EC0_: Boot DSDT EC initialization complete
 5月 18 23:25:10 weizijun-bladestealth kernel: ACPI: \_SB_.PCI0.LPCB.EC0_: EC: Used to handle transactions and events
 5月 18 23:25:10 weizijun-bladestealth kernel: iommu: Default domain type: Translated 
 5月 18 23:25:10 weizijun-bladestealth kernel: iommu: DMA domain TLB invalidation policy: lazy mode 
 5月 18 23:25:10 weizijun-bladestealth kernel: SCSI subsystem initialized
 5月 18 23:25:10 weizijun-bladestealth kernel: libata version 3.00 loaded.
 5月 18 23:25:10 weizijun-bladestealth kernel: ACPI: bus type USB registered
 5月 18 23:25:10 weizijun-bladestealth kernel: usbcore: registered new interface driver usbfs
 5月 18 23:25:10 weizijun-bladestealth kernel: usbcore: registered new interface driver hub
 5月 18 23:25:10 weizijun-bladestealth kernel: usbcore: registered new device driver usb
 5月 18 23:25:10 weizijun-bladestealth kernel: pps_core: LinuxPPS API ver. 1 registered
 5月 18 23:25:10 weizijun-bladestealth kernel: pps_core: Software ver. 5.3.6 - Copyright 2005-2007 Rodolfo Giometti <giometti@linux.it>
 5月 18 23:25:10 weizijun-bladestealth kernel: PTP clock support registered
 5月 18 23:25:10 weizijun-bladestealth kernel: EDAC MC: Ver: 3.0.0
 5月 18 23:25:10 weizijun-bladestealth kernel: Registered efivars operations
 5月 18 23:25:10 weizijun-bladestealth kernel: NetLabel: Initializing
 5月 18 23:25:10 weizijun-bladestealth kernel: NetLabel:  domain hash size = 128
 5月 18 23:25:10 weizijun-bladestealth kernel: NetLabel:  protocols = UNLABELED CIPSOv4 CALIPSO
 5月 18 23:25:10 weizijun-bladestealth kernel: NetLabel:  unlabeled traffic allowed by default
 5月 18 23:25:10 weizijun-bladestealth kernel: mctp: management component transport protocol core
 5月 18 23:25:10 weizijun-bladestealth kernel: NET: Registered PF_MCTP protocol family
 5月 18 23:25:10 weizijun-bladestealth kernel: PCI: Using ACPI for IRQ routing
 5月 18 23:25:10 weizijun-bladestealth kernel: PCI: pci_cache_line_size set to 64 bytes
 5月 18 23:25:10 weizijun-bladestealth kernel: e820: reserve RAM buffer [mem 0x0009f000-0x0009ffff]
 5月 18 23:25:10 weizijun-bladestealth kernel: e820: reserve RAM buffer [mem 0x2b6b4000-0x2bffffff]
 5月 18 23:25:10 weizijun-bladestealth kernel: e820: reserve RAM buffer [mem 0x2d442000-0x2fffffff]
 5月 18 23:25:10 weizijun-bladestealth kernel: e820: reserve RAM buffer [mem 0x2e9f4000-0x2fffffff]
 5月 18 23:25:10 weizijun-bladestealth kernel: e820: reserve RAM buffer [mem 0x2fd0f000-0x2fffffff]
 5月 18 23:25:10 weizijun-bladestealth kernel: e820: reserve RAM buffer [mem 0x2c3000000-0x2c3ffffff]
 5月 18 23:25:10 weizijun-bladestealth kernel: pci 0000:00:02.0: vgaarb: setting as boot VGA device
 5月 18 23:25:10 weizijun-bladestealth kernel: pci 0000:00:02.0: vgaarb: bridge control possible
 5月 18 23:25:10 weizijun-bladestealth kernel: pci 0000:00:02.0: vgaarb: VGA device added: decodes=io+mem,owns=io+mem,locks=none
 5月 18 23:25:10 weizijun-bladestealth kernel: vgaarb: loaded
 5月 18 23:25:10 weizijun-bladestealth kernel: clocksource: Switched to clocksource tsc-early
 5月 18 23:25:10 weizijun-bladestealth kernel: VFS: Disk quotas dquot_6.6.0
 5月 18 23:25:10 weizijun-bladestealth kernel: VFS: Dquot-cache hash table entries: 512 (order 0, 4096 bytes)
 5月 18 23:25:10 weizijun-bladestealth kernel: AppArmor: AppArmor Filesystem Enabled
 5月 18 23:25:10 weizijun-bladestealth kernel: pnp: PnP ACPI init
 5月 18 23:25:10 weizijun-bladestealth kernel: system 00:00: [io  0x0680-0x069f] has been reserved
 5月 18 23:25:10 weizijun-bladestealth kernel: system 00:00: [io  0x164e-0x164f] has been reserved
 5月 18 23:25:10 weizijun-bladestealth kernel: system 00:02: [io  0x1854-0x1857] has been reserved
 5月 18 23:25:10 weizijun-bladestealth kernel: system 00:03: [mem 0xfed10000-0xfed17fff] has been reserved
 5月 18 23:25:10 weizijun-bladestealth kernel: system 00:03: [mem 0xfed18000-0xfed18fff] has been reserved
 5月 18 23:25:10 weizijun-bladestealth kernel: system 00:03: [mem 0xfed19000-0xfed19fff] has been reserved
 5月 18 23:25:10 weizijun-bladestealth kernel: system 00:03: [mem 0xe0000000-0xefffffff] has been reserved
 5月 18 23:25:10 weizijun-bladestealth kernel: system 00:03: [mem 0xfed20000-0xfed3ffff] has been reserved
 5月 18 23:25:10 weizijun-bladestealth kernel: system 00:03: [mem 0xfed90000-0xfed93fff] could not be reserved
 5月 18 23:25:10 weizijun-bladestealth kernel: system 00:03: [mem 0xfed45000-0xfed8ffff] has been reserved
 5月 18 23:25:10 weizijun-bladestealth kernel: system 00:03: [mem 0xfee00000-0xfeefffff] could not be reserved
 5月 18 23:25:10 weizijun-bladestealth kernel: system 00:04: [io  0x1800-0x18fe] could not be reserved
 5月 18 23:25:10 weizijun-bladestealth kernel: system 00:04: [mem 0xfd000000-0xfd69ffff] has been reserved
 5月 18 23:25:10 weizijun-bladestealth kernel: system 00:04: [mem 0xfd6b0000-0xfd6cffff] has been reserved
 5月 18 23:25:10 weizijun-bladestealth kernel: system 00:04: [mem 0xfd6f0000-0xfdffffff] has been reserved
 5月 18 23:25:10 weizijun-bladestealth kernel: system 00:04: [mem 0xfe000000-0xfe01ffff] could not be reserved
 5月 18 23:25:10 weizijun-bladestealth kernel: system 00:04: [mem 0xfe200000-0xfe7fffff] has been reserved
 5月 18 23:25:10 weizijun-bladestealth kernel: system 00:04: [mem 0xff000000-0xffffffff] has been reserved
 5月 18 23:25:10 weizijun-bladestealth kernel: system 00:05: [io  0x2000-0x20fe] has been reserved
 5月 18 23:25:10 weizijun-bladestealth kernel: system 00:06: [mem 0xfe037000-0xfe037fff] has been reserved
 5月 18 23:25:10 weizijun-bladestealth kernel: system 00:06: [mem 0xfe036008-0xfe036fff] has been reserved
 5月 18 23:25:10 weizijun-bladestealth kernel: pnp: PnP ACPI: found 7 devices
 5月 18 23:25:10 weizijun-bladestealth kernel: clocksource: acpi_pm: mask: 0xffffff max_cycles: 0xffffff, max_idle_ns: 2085701024 ns
 5月 18 23:25:10 weizijun-bladestealth kernel: NET: Registered PF_INET protocol family
 5月 18 23:25:10 weizijun-bladestealth kernel: IP idents hash table entries: 131072 (order: 8, 1048576 bytes, linear)
 5月 18 23:25:10 weizijun-bladestealth kernel: tcp_listen_portaddr_hash hash table entries: 4096 (order: 4, 65536 bytes, linear)
 5月 18 23:25:10 weizijun-bladestealth kernel: Table-perturb hash table entries: 65536 (order: 6, 262144 bytes, linear)
 5月 18 23:25:10 weizijun-bladestealth kernel: TCP established hash table entries: 65536 (order: 7, 524288 bytes, linear)
 5月 18 23:25:10 weizijun-bladestealth kernel: TCP bind hash table entries: 65536 (order: 9, 2097152 bytes, linear)
 5月 18 23:25:10 weizijun-bladestealth kernel: TCP: Hash tables configured (established 65536 bind 65536)
 5月 18 23:25:10 weizijun-bladestealth kernel: MPTCP token hash table entries: 8192 (order: 5, 196608 bytes, linear)
 5月 18 23:25:10 weizijun-bladestealth kernel: UDP hash table entries: 4096 (order: 5, 131072 bytes, linear)
 5月 18 23:25:10 weizijun-bladestealth kernel: UDP-Lite hash table entries: 4096 (order: 5, 131072 bytes, linear)
 5月 18 23:25:10 weizijun-bladestealth kernel: NET: Registered PF_UNIX/PF_LOCAL protocol family
 5月 18 23:25:10 weizijun-bladestealth kernel: NET: Registered PF_XDP protocol family
 5月 18 23:25:10 weizijun-bladestealth kernel: pci 0000:02:01.0: bridge window [io  0x1000-0x0fff] to [bus 04-38] add_size 1000
 5月 18 23:25:10 weizijun-bladestealth kernel: pci 0000:01:00.0: bridge window [io  0x1000-0x0fff] to [bus 02-39] add_size 1000
 5月 18 23:25:10 weizijun-bladestealth kernel: pci 0000:00:1d.0: bridge window [io  0x1000-0x0fff] to [bus 01-39] add_size 2000
 5月 18 23:25:10 weizijun-bladestealth kernel: clipped [mem size 0x00000000 64bit] to [mem size 0xfffffffffffa0000 64bit] for e820 entry [mem 0x0009f000-0x000fffff]
 5月 18 23:25:10 weizijun-bladestealth kernel: clipped [mem size 0x00000000 64bit] to [mem size 0xfffffffffffe0000 64bit] for e820 entry [mem 0x0009f000-0x000fffff]
 5月 18 23:25:10 weizijun-bladestealth kernel: pci 0000:00:15.0: BAR 0: assigned [mem 0x4010000000-0x4010000fff 64bit]
 5月 18 23:25:10 weizijun-bladestealth kernel: clipped [mem size 0x00000000 64bit] to [mem size 0xfffffffffffa0000 64bit] for e820 entry [mem 0x0009f000-0x000fffff]
 5月 18 23:25:10 weizijun-bladestealth kernel: clipped [mem size 0x00000000 64bit] to [mem size 0xfffffffffffe0000 64bit] for e820 entry [mem 0x0009f000-0x000fffff]
 5月 18 23:25:10 weizijun-bladestealth kernel: pci 0000:00:15.1: BAR 0: assigned [mem 0x4010001000-0x4010001fff 64bit]
 5月 18 23:25:10 weizijun-bladestealth kernel: pci 0000:00:1d.0: BAR 13: assigned [io  0x4000-0x5fff]
 5月 18 23:25:10 weizijun-bladestealth kernel: pci 0000:01:00.0: BAR 13: assigned [io  0x4000-0x4fff]
 5月 18 23:25:10 weizijun-bladestealth kernel: pci 0000:02:01.0: BAR 13: assigned [io  0x4000-0x4fff]
 5月 18 23:25:10 weizijun-bladestealth kernel: pci 0000:02:00.0: PCI bridge to [bus 03]
 5月 18 23:25:10 weizijun-bladestealth kernel: pci 0000:02:00.0:   bridge window [mem 0x52000000-0x520fffff]
 5月 18 23:25:10 weizijun-bladestealth kernel: pci 0000:02:01.0: PCI bridge to [bus 04-38]
 5月 18 23:25:10 weizijun-bladestealth kernel: pci 0000:02:01.0:   bridge window [io  0x4000-0x4fff]
 5月 18 23:25:10 weizijun-bladestealth kernel: pci 0000:02:01.0:   bridge window [mem 0x3c000000-0x51efffff]
 5月 18 23:25:10 weizijun-bladestealth kernel: pci 0000:02:01.0:   bridge window [mem 0x6000000000-0x6021ffffff 64bit pref]
 5月 18 23:25:10 weizijun-bladestealth kernel: pci 0000:02:02.0: PCI bridge to [bus 39]
 5月 18 23:25:10 weizijun-bladestealth kernel: pci 0000:02:02.0:   bridge window [mem 0x51f00000-0x51ffffff]
 5月 18 23:25:10 weizijun-bladestealth kernel: pci 0000:01:00.0: PCI bridge to [bus 02-39]
 5月 18 23:25:10 weizijun-bladestealth kernel: pci 0000:01:00.0:   bridge window [io  0x4000-0x4fff]
 5月 18 23:25:10 weizijun-bladestealth kernel: pci 0000:01:00.0:   bridge window [mem 0x3c000000-0x520fffff]
 5月 18 23:25:10 weizijun-bladestealth kernel: pci 0000:01:00.0:   bridge window [mem 0x6000000000-0x6021ffffff 64bit pref]
 5月 18 23:25:10 weizijun-bladestealth kernel: pci 0000:00:1d.0: PCI bridge to [bus 01-39]
 5月 18 23:25:10 weizijun-bladestealth kernel: pci 0000:00:1d.0:   bridge window [io  0x4000-0x5fff]
 5月 18 23:25:10 weizijun-bladestealth kernel: pci 0000:00:1d.0:   bridge window [mem 0x3c000000-0x520fffff]
 5月 18 23:25:10 weizijun-bladestealth kernel: pci 0000:00:1d.0:   bridge window [mem 0x6000000000-0x6021ffffff 64bit pref]
 5月 18 23:25:10 weizijun-bladestealth kernel: pci 0000:00:1d.4: PCI bridge to [bus 3a]
 5月 18 23:25:10 weizijun-bladestealth kernel: pci 0000:00:1d.4:   bridge window [mem 0x52200000-0x522fffff]
 5月 18 23:25:10 weizijun-bladestealth kernel: pci_bus 0000:00: resource 4 [io  0x0000-0x0cf7 window]
 5月 18 23:25:10 weizijun-bladestealth kernel: pci_bus 0000:00: resource 5 [io  0x0d00-0xffff window]
 5月 18 23:25:10 weizijun-bladestealth kernel: pci_bus 0000:00: resource 6 [mem 0x000a0000-0x000bffff window]
 5月 18 23:25:10 weizijun-bladestealth kernel: pci_bus 0000:00: resource 7 [mem 0x000e0000-0x000fffff window]
 5月 18 23:25:10 weizijun-bladestealth kernel: pci_bus 0000:00: resource 8 [mem 0x3b000000-0xdfffffff window]
 5月 18 23:25:10 weizijun-bladestealth kernel: pci_bus 0000:00: resource 9 [mem 0x4000000000-0x7fffffffff window]
 5月 18 23:25:10 weizijun-bladestealth kernel: pci_bus 0000:00: resource 10 [mem 0xfc800000-0xfe7fffff window]
 5月 18 23:25:10 weizijun-bladestealth kernel: pci_bus 0000:01: resource 0 [io  0x4000-0x5fff]
 5月 18 23:25:10 weizijun-bladestealth kernel: pci_bus 0000:01: resource 1 [mem 0x3c000000-0x520fffff]
 5月 18 23:25:10 weizijun-bladestealth kernel: pci_bus 0000:01: resource 2 [mem 0x6000000000-0x6021ffffff 64bit pref]
 5月 18 23:25:10 weizijun-bladestealth kernel: pci_bus 0000:02: resource 0 [io  0x4000-0x4fff]
 5月 18 23:25:10 weizijun-bladestealth kernel: pci_bus 0000:02: resource 1 [mem 0x3c000000-0x520fffff]
 5月 18 23:25:10 weizijun-bladestealth kernel: pci_bus 0000:02: resource 2 [mem 0x6000000000-0x6021ffffff 64bit pref]
 5月 18 23:25:10 weizijun-bladestealth kernel: pci_bus 0000:03: resource 1 [mem 0x52000000-0x520fffff]
 5月 18 23:25:10 weizijun-bladestealth kernel: pci_bus 0000:04: resource 0 [io  0x4000-0x4fff]
 5月 18 23:25:10 weizijun-bladestealth kernel: pci_bus 0000:04: resource 1 [mem 0x3c000000-0x51efffff]
 5月 18 23:25:10 weizijun-bladestealth kernel: pci_bus 0000:04: resource 2 [mem 0x6000000000-0x6021ffffff 64bit pref]
 5月 18 23:25:10 weizijun-bladestealth kernel: pci_bus 0000:39: resource 1 [mem 0x51f00000-0x51ffffff]
 5月 18 23:25:10 weizijun-bladestealth kernel: pci_bus 0000:3a: resource 1 [mem 0x52200000-0x522fffff]
 5月 18 23:25:10 weizijun-bladestealth kernel: pci 0000:01:00.0: CLS mismatch (64 != 128), using 64 bytes
 5月 18 23:25:10 weizijun-bladestealth kernel: pci 0000:01:00.0: enabling device (0006 -> 0007)
 5月 18 23:25:10 weizijun-bladestealth kernel: PCI-DMA: Using software bounce buffering for IO (SWIOTLB)
 5月 18 23:25:10 weizijun-bladestealth kernel: software IO TLB: mapped [mem 0x000000002138d000-0x000000002538d000] (64MB)
 5月 18 23:25:10 weizijun-bladestealth kernel: Trying to unpack rootfs image as initramfs...
 5月 18 23:25:10 weizijun-bladestealth kernel: sgx: EPC section 0x30200000-0x35f7ffff
 5月 18 23:25:10 weizijun-bladestealth kernel: Initialise system trusted keyrings
 5月 18 23:25:10 weizijun-bladestealth kernel: Key type blacklist registered
 5月 18 23:25:10 weizijun-bladestealth kernel: workingset: timestamp_bits=41 max_order=21 bucket_order=0
 5月 18 23:25:10 weizijun-bladestealth kernel: zbud: loaded
 5月 18 23:25:10 weizijun-bladestealth kernel: integrity: Platform Keyring initialized
 5月 18 23:25:10 weizijun-bladestealth kernel: integrity: Machine keyring initialized
 5月 18 23:25:10 weizijun-bladestealth kernel: Key type asymmetric registered
 5月 18 23:25:10 weizijun-bladestealth kernel: Asymmetric key parser 'x509' registered
 5月 18 23:25:10 weizijun-bladestealth kernel: Freeing initrd memory: 21752K
 5月 18 23:25:10 weizijun-bladestealth kernel: alg: self-tests for CTR-KDF (hmac(sha256)) passed
 5月 18 23:25:10 weizijun-bladestealth kernel: Block layer SCSI generic (bsg) driver version 0.4 loaded (major 242)
 5月 18 23:25:10 weizijun-bladestealth kernel: io scheduler mq-deadline registered
 5月 18 23:25:10 weizijun-bladestealth kernel: io scheduler kyber registered
 5月 18 23:25:10 weizijun-bladestealth kernel: io scheduler bfq registered
 5月 18 23:25:10 weizijun-bladestealth kernel: pcieport 0000:00:1d.0: PME: Signaling with IRQ 122
 5月 18 23:25:10 weizijun-bladestealth kernel: pcieport 0000:00:1d.0: pciehp: Slot #12 AttnBtn- PwrCtrl- MRL- AttnInd- PwrInd- HotPlug+ Surprise+ Interlock- NoCompl+ IbPresDis- LLActRep+
 5月 18 23:25:10 weizijun-bladestealth kernel: pcieport 0000:00:1d.4: PME: Signaling with IRQ 123
 5月 18 23:25:10 weizijun-bladestealth kernel: pcieport 0000:02:01.0: enabling device (0006 -> 0007)
 5月 18 23:25:10 weizijun-bladestealth kernel: pcieport 0000:02:01.0: pciehp: Slot #1 AttnBtn- PwrCtrl- MRL- AttnInd- PwrInd- HotPlug+ Surprise+ Interlock- NoCompl+ IbPresDis- LLActRep+
 5月 18 23:25:10 weizijun-bladestealth kernel: shpchp: Standard Hot Plug PCI Controller Driver version: 0.4
 5月 18 23:25:10 weizijun-bladestealth kernel: ACPI: AC: AC Adapter [AC0] (on-line)
 5月 18 23:25:10 weizijun-bladestealth kernel: input: Lid Switch as /devices/LNXSYSTM:00/LNXSYBUS:00/PNP0A08:00/device:19/PNP0C09:01/PNP0C0D:00/input/input0
 5月 18 23:25:10 weizijun-bladestealth kernel: ACPI: button: Lid Switch [LID0]
 5月 18 23:25:10 weizijun-bladestealth kernel: input: Power Button as /devices/LNXSYSTM:00/LNXSYBUS:00/PNP0C0C:00/input/input1
 5月 18 23:25:10 weizijun-bladestealth kernel: ACPI: button: Power Button [PWRB]
 5月 18 23:25:10 weizijun-bladestealth kernel: input: Power Button as /devices/LNXSYSTM:00/LNXPWRBN:00/input/input2
 5月 18 23:25:10 weizijun-bladestealth kernel: ACPI: button: Power Button [PWRF]
 5月 18 23:25:10 weizijun-bladestealth kernel: ACPI: thermal: [Firmware Bug]: Invalid critical threshold (0)
 5月 18 23:25:10 weizijun-bladestealth kernel: thermal LNXTHERM:00: registered as thermal_zone0
 5月 18 23:25:10 weizijun-bladestealth kernel: ACPI: thermal: Thermal Zone [TZ00] (28 C)
 5月 18 23:25:10 weizijun-bladestealth kernel: Serial: 8250/16550 driver, 32 ports, IRQ sharing enabled
 5月 18 23:25:10 weizijun-bladestealth kernel: hpet_acpi_add: no address or irqs in _CRS
 5月 18 23:25:10 weizijun-bladestealth kernel: Non-volatile memory driver v1.3
 5月 18 23:25:10 weizijun-bladestealth kernel: Linux agpgart interface v0.103
 5月 18 23:25:10 weizijun-bladestealth kernel: AMD-Vi: AMD IOMMUv2 functionality not available on this system - This is not a bug.
 5月 18 23:25:10 weizijun-bladestealth kernel: ACPI: bus type drm_connector registered
 5月 18 23:25:10 weizijun-bladestealth kernel: usbcore: registered new interface driver usbserial_generic
 5月 18 23:25:10 weizijun-bladestealth kernel: usbserial: USB Serial support registered for generic
 5月 18 23:25:10 weizijun-bladestealth kernel: rtc_cmos 00:01: RTC can wake from S4
 5月 18 23:25:10 weizijun-bladestealth kernel: rtc_cmos 00:01: registered as rtc0
 5月 18 23:25:10 weizijun-bladestealth kernel: rtc_cmos 00:01: setting system clock to 2023-05-18T15:25:07 UTC (1684423507)
 5月 18 23:25:10 weizijun-bladestealth kernel: rtc_cmos 00:01: alarms up to one month, y3k, 242 bytes nvram
 5月 18 23:25:10 weizijun-bladestealth kernel: intel_pstate: Intel P-state driver initializing
 5月 18 23:25:10 weizijun-bladestealth kernel: intel_pstate: HWP enabled
 5月 18 23:25:10 weizijun-bladestealth kernel: ledtrig-cpu: registered to indicate activity on CPUs
 5月 18 23:25:10 weizijun-bladestealth kernel: efifb: probing for efifb
 5月 18 23:25:10 weizijun-bladestealth kernel: efifb: showing boot graphics
 5月 18 23:25:10 weizijun-bladestealth kernel: efifb: framebuffer at 0x4000000000, using 8128k, total 8128k
 5月 18 23:25:10 weizijun-bladestealth kernel: efifb: mode is 1920x1080x32, linelength=7680, pages=1
 5月 18 23:25:10 weizijun-bladestealth kernel: efifb: scrolling: redraw
 5月 18 23:25:10 weizijun-bladestealth kernel: efifb: Truecolor: size=8:8:8:8, shift=24:16:8:0
 5月 18 23:25:10 weizijun-bladestealth kernel: fbcon: Deferring console take-over
 5月 18 23:25:10 weizijun-bladestealth kernel: fb0: EFI VGA frame buffer device
 5月 18 23:25:10 weizijun-bladestealth kernel: hid: raw HID events driver (C) Jiri Kosina
 5月 18 23:25:10 weizijun-bladestealth kernel: intel_pmc_core INT33A1:00:  initialized
 5月 18 23:25:10 weizijun-bladestealth kernel: drop_monitor: Initializing network drop monitor service
 5月 18 23:25:10 weizijun-bladestealth kernel: Initializing XFRM netlink socket
 5月 18 23:25:10 weizijun-bladestealth kernel: NET: Registered PF_INET6 protocol family
 5月 18 23:25:10 weizijun-bladestealth kernel: Segment Routing with IPv6
 5月 18 23:25:10 weizijun-bladestealth kernel: RPL Segment Routing with IPv6
 5月 18 23:25:10 weizijun-bladestealth kernel: In-situ OAM (IOAM) with IPv6
 5月 18 23:25:10 weizijun-bladestealth kernel: NET: Registered PF_PACKET protocol family
 5月 18 23:25:10 weizijun-bladestealth kernel: microcode: sig=0x806eb, pf=0x80, revision=0xf0
 5月 18 23:25:10 weizijun-bladestealth kernel: microcode: Microcode Update Driver: v2.2.
 5月 18 23:25:10 weizijun-bladestealth kernel: IPI shorthand broadcast: enabled
 5月 18 23:25:10 weizijun-bladestealth kernel: sched_clock: Marking stable (987744513, 8736207)->(1049499931, -53019211)
 5月 18 23:25:10 weizijun-bladestealth kernel: registered taskstats version 1
 5月 18 23:25:10 weizijun-bladestealth kernel: Loading compiled-in X.509 certificates
 5月 18 23:25:10 weizijun-bladestealth kernel: Loaded X.509 cert 'Build time autogenerated kernel key: 14f1eda2efd09b56e99d0b897a2f38447360cde1'
 5月 18 23:25:10 weizijun-bladestealth kernel: zswap: loaded using pool zstd/z3fold
 5月 18 23:25:10 weizijun-bladestealth kernel: Key type .fscrypt registered
 5月 18 23:25:10 weizijun-bladestealth kernel: Key type fscrypt-provisioning registered
 5月 18 23:25:10 weizijun-bladestealth kernel: AppArmor: AppArmor sha1 policy hashing enabled
 5月 18 23:25:10 weizijun-bladestealth kernel: integrity: Loading X.509 certificate: UEFI:db
 5月 18 23:25:10 weizijun-bladestealth kernel: integrity: Loaded X.509 cert 'Microsoft Corporation UEFI CA 2011: 13adbf4309bd82709c8cd54f316ed522988a1bd4'
 5月 18 23:25:10 weizijun-bladestealth kernel: integrity: Loading X.509 certificate: UEFI:db
 5月 18 23:25:10 weizijun-bladestealth kernel: integrity: Loaded X.509 cert 'Microsoft Windows Production PCA 2011: a92902398e16c49778cd90f99e4f9ae17c55af53'
 5月 18 23:25:10 weizijun-bladestealth kernel: integrity: Loading X.509 certificate: UEFI:db
 5月 18 23:25:10 weizijun-bladestealth kernel: integrity: Loaded X.509 cert 'RAZER Certificate: d8356ab88082a88e4817f6e3318ed886'
 5月 18 23:25:10 weizijun-bladestealth kernel: ACPI: battery: Slot [BAT0] (battery present)
 5月 18 23:25:10 weizijun-bladestealth kernel: PM:   Magic number: 7:312:437
 5月 18 23:25:10 weizijun-bladestealth kernel: acpi OVTIF860:00: hash matches
 5月 18 23:25:10 weizijun-bladestealth kernel: RAS: Correctable Errors collector initialized.
 5月 18 23:25:10 weizijun-bladestealth kernel: Freeing unused decrypted memory: 2036K
 5月 18 23:25:10 weizijun-bladestealth kernel: Freeing unused kernel image (initmem) memory: 2152K
 5月 18 23:25:10 weizijun-bladestealth kernel: Write protecting the kernel read-only data: 30720k
 5月 18 23:25:10 weizijun-bladestealth kernel: Freeing unused kernel image (text/rodata gap) memory: 2040K
 5月 18 23:25:10 weizijun-bladestealth kernel: Freeing unused kernel image (rodata/data gap) memory: 1148K
 5月 18 23:25:10 weizijun-bladestealth kernel: x86/mm: Checked W+X mappings: passed, no W+X pages found.
 5月 18 23:25:10 weizijun-bladestealth kernel: rodata_test: all tests were successful
 5月 18 23:25:10 weizijun-bladestealth kernel: Run /init as init process
 5月 18 23:25:10 weizijun-bladestealth kernel:   with arguments:
 5月 18 23:25:10 weizijun-bladestealth kernel:     /init
 5月 18 23:25:10 weizijun-bladestealth kernel:     splash
 5月 18 23:25:10 weizijun-bladestealth kernel:   with environment:
 5月 18 23:25:10 weizijun-bladestealth kernel:     HOME=/
 5月 18 23:25:10 weizijun-bladestealth kernel:     TERM=linux
 5月 18 23:25:10 weizijun-bladestealth kernel:     BOOT_IMAGE=/boot/vmlinuz-6.1-x86_64
 5月 18 23:25:10 weizijun-bladestealth kernel: xhci_hcd 0000:00:14.0: xHCI Host Controller
 5月 18 23:25:10 weizijun-bladestealth kernel: xhci_hcd 0000:00:14.0: new USB bus registered, assigned bus number 1
 5月 18 23:25:10 weizijun-bladestealth kernel: xhci_hcd 0000:00:14.0: hcc params 0x200077c1 hci version 0x110 quirks 0x0000000000009810
 5月 18 23:25:10 weizijun-bladestealth kernel: xhci_hcd 0000:00:14.0: xHCI Host Controller
 5月 18 23:25:10 weizijun-bladestealth kernel: xhci_hcd 0000:00:14.0: new USB bus registered, assigned bus number 2
 5月 18 23:25:10 weizijun-bladestealth kernel: xhci_hcd 0000:00:14.0: Host supports USB 3.1 Enhanced SuperSpeed
 5月 18 23:25:10 weizijun-bladestealth kernel: usb usb1: New USB device found, idVendor=1d6b, idProduct=0002, bcdDevice= 6.01
 5月 18 23:25:10 weizijun-bladestealth kernel: usb usb1: New USB device strings: Mfr=3, Product=2, SerialNumber=1
 5月 18 23:25:10 weizijun-bladestealth kernel: usb usb1: Product: xHCI Host Controller
 5月 18 23:25:10 weizijun-bladestealth kernel: usb usb1: Manufacturer: Linux 6.1.26-1-MANJARO xhci-hcd
 5月 18 23:25:10 weizijun-bladestealth kernel: usb usb1: SerialNumber: 0000:00:14.0
 5月 18 23:25:10 weizijun-bladestealth kernel: hub 1-0:1.0: USB hub found
 5月 18 23:25:10 weizijun-bladestealth kernel: hub 1-0:1.0: 12 ports detected
 5月 18 23:25:10 weizijun-bladestealth kernel: usb usb2: New USB device found, idVendor=1d6b, idProduct=0003, bcdDevice= 6.01
 5月 18 23:25:10 weizijun-bladestealth kernel: usb usb2: New USB device strings: Mfr=3, Product=2, SerialNumber=1
 5月 18 23:25:10 weizijun-bladestealth kernel: usb usb2: Product: xHCI Host Controller
 5月 18 23:25:10 weizijun-bladestealth kernel: usb usb2: Manufacturer: Linux 6.1.26-1-MANJARO xhci-hcd
 5月 18 23:25:10 weizijun-bladestealth kernel: usb usb2: SerialNumber: 0000:00:14.0
 5月 18 23:25:10 weizijun-bladestealth kernel: hub 2-0:1.0: USB hub found
 5月 18 23:25:10 weizijun-bladestealth kernel: hub 2-0:1.0: 6 ports detected
 5月 18 23:25:10 weizijun-bladestealth kernel: usb: port power management may be unreliable
 5月 18 23:25:10 weizijun-bladestealth kernel: xhci_hcd 0000:39:00.0: xHCI Host Controller
 5月 18 23:25:10 weizijun-bladestealth kernel: xhci_hcd 0000:39:00.0: new USB bus registered, assigned bus number 3
 5月 18 23:25:10 weizijun-bladestealth kernel: xhci_hcd 0000:39:00.0: hcc params 0x200077c1 hci version 0x110 quirks 0x0000000200009810
 5月 18 23:25:10 weizijun-bladestealth kernel: xhci_hcd 0000:39:00.0: xHCI Host Controller
 5月 18 23:25:10 weizijun-bladestealth kernel: xhci_hcd 0000:39:00.0: new USB bus registered, assigned bus number 4
 5月 18 23:25:10 weizijun-bladestealth kernel: xhci_hcd 0000:39:00.0: Host supports USB 3.1 Enhanced SuperSpeed
 5月 18 23:25:10 weizijun-bladestealth kernel: usb usb3: New USB device found, idVendor=1d6b, idProduct=0002, bcdDevice= 6.01
 5月 18 23:25:10 weizijun-bladestealth kernel: usb usb3: New USB device strings: Mfr=3, Product=2, SerialNumber=1
 5月 18 23:25:10 weizijun-bladestealth kernel: usb usb3: Product: xHCI Host Controller
 5月 18 23:25:10 weizijun-bladestealth kernel: usb usb3: Manufacturer: Linux 6.1.26-1-MANJARO xhci-hcd
 5月 18 23:25:10 weizijun-bladestealth kernel: usb usb3: SerialNumber: 0000:39:00.0
 5月 18 23:25:10 weizijun-bladestealth kernel: hub 3-0:1.0: USB hub found
 5月 18 23:25:10 weizijun-bladestealth kernel: hub 3-0:1.0: 2 ports detected
 5月 18 23:25:10 weizijun-bladestealth kernel: usb usb4: New USB device found, idVendor=1d6b, idProduct=0003, bcdDevice= 6.01
 5月 18 23:25:10 weizijun-bladestealth kernel: usb usb4: New USB device strings: Mfr=3, Product=2, SerialNumber=1
 5月 18 23:25:10 weizijun-bladestealth kernel: usb usb4: Product: xHCI Host Controller
 5月 18 23:25:10 weizijun-bladestealth kernel: usb usb4: Manufacturer: Linux 6.1.26-1-MANJARO xhci-hcd
 5月 18 23:25:10 weizijun-bladestealth kernel: usb usb4: SerialNumber: 0000:39:00.0
 5月 18 23:25:10 weizijun-bladestealth kernel: hub 4-0:1.0: USB hub found
 5月 18 23:25:10 weizijun-bladestealth kernel: hub 4-0:1.0: 2 ports detected
 5月 18 23:25:10 weizijun-bladestealth kernel: nvme nvme0: pci function 0000:3a:00.0
 5月 18 23:25:10 weizijun-bladestealth kernel: nvme nvme0: missing or invalid SUBNQN field.
 5月 18 23:25:10 weizijun-bladestealth kernel: nvme nvme0: allocated 32 MiB host memory buffer.
 5月 18 23:25:10 weizijun-bladestealth kernel: nvme nvme0: 8/0/0 default/read/poll queues
 5月 18 23:25:10 weizijun-bladestealth kernel: nvme nvme0: Ignoring bogus Namespace Identifiers
 5月 18 23:25:10 weizijun-bladestealth kernel:  nvme0n1: p1 p2 p3 p4 p5 p6 p7
 5月 18 23:25:10 weizijun-bladestealth kernel: usb 1-3: new high-speed USB device number 2 using xhci_hcd
 5月 18 23:25:10 weizijun-bladestealth kernel: tsc: Refined TSC clocksource calibration: 1992.002 MHz
 5月 18 23:25:10 weizijun-bladestealth kernel: clocksource: tsc: mask: 0xffffffffffffffff max_cycles: 0x396d566cf43, max_idle_ns: 881590760263 ns
 5月 18 23:25:10 weizijun-bladestealth kernel: clocksource: Switched to clocksource tsc
 5月 18 23:25:10 weizijun-bladestealth kernel: usb 1-3: New USB device found, idVendor=05e3, idProduct=0610, bcdDevice= 6.63
 5月 18 23:25:10 weizijun-bladestealth kernel: usb 1-3: New USB device strings: Mfr=1, Product=2, SerialNumber=0
 5月 18 23:25:10 weizijun-bladestealth kernel: usb 1-3: Product: USB2.1 Hub
 5月 18 23:25:10 weizijun-bladestealth kernel: usb 1-3: Manufacturer: GenesysLogic
 5月 18 23:25:10 weizijun-bladestealth kernel: hub 1-3:1.0: USB hub found
 5月 18 23:25:10 weizijun-bladestealth kernel: hub 1-3:1.0: 4 ports detected
 5月 18 23:25:10 weizijun-bladestealth kernel: usb 2-3: new SuperSpeed USB device number 2 using xhci_hcd
 5月 18 23:25:10 weizijun-bladestealth kernel: usb 2-3: New USB device found, idVendor=05e3, idProduct=0626, bcdDevice= 6.63
 5月 18 23:25:10 weizijun-bladestealth kernel: usb 2-3: New USB device strings: Mfr=1, Product=2, SerialNumber=0
 5月 18 23:25:10 weizijun-bladestealth kernel: usb 2-3: Product: USB3.1 Hub
 5月 18 23:25:10 weizijun-bladestealth kernel: usb 2-3: Manufacturer: GenesysLogic
 5月 18 23:25:10 weizijun-bladestealth kernel: hub 2-3:1.0: USB hub found
 5月 18 23:25:10 weizijun-bladestealth kernel: hub 2-3:1.0: 4 ports detected
 5月 18 23:25:10 weizijun-bladestealth kernel: EXT4-fs (nvme0n1p6): mounted filesystem with ordered data mode. Quota mode: none.
 5月 18 23:25:10 weizijun-bladestealth kernel: usb 1-6: new high-speed USB device number 3 using xhci_hcd
 5月 18 23:25:10 weizijun-bladestealth systemd[1]: systemd 252.10-2-manjaro running in system mode (+PAM +AUDIT -SELINUX -APPARMOR -IMA +SMACK +SECCOMP +GCRYPT +GNUTLS +OPENSSL +ACL +BLKID +CURL +ELFUTILS +FIDO2 +IDN2 -IDN +IPTC +KMOD +LIBCRYPTSETUP +LIBFDISK +PCRE2 -PWQUALITY +P11KIT -QRENCODE +TPM2 +BZIP2 +LZ4 +XZ +ZLIB +ZSTD +BPF_FRAMEWORK +XKBCOMMON +UTMP -SYSVINIT default-hierarchy=unified)
 5月 18 23:25:10 weizijun-bladestealth systemd[1]: Detected architecture x86-64.
 5月 18 23:25:10 weizijun-bladestealth systemd[1]: Hostname set to <weizijun-bladestealth>.
 5月 18 23:25:10 weizijun-bladestealth kernel: usb 1-6: New USB device found, idVendor=13d3, idProduct=56d5, bcdDevice=18.13
 5月 18 23:25:10 weizijun-bladestealth kernel: usb 1-6: New USB device strings: Mfr=3, Product=1, SerialNumber=2
 5月 18 23:25:10 weizijun-bladestealth kernel: usb 1-6: Product: Integrated Camera
 5月 18 23:25:10 weizijun-bladestealth kernel: usb 1-6: Manufacturer: Azurewave
 5月 18 23:25:10 weizijun-bladestealth kernel: usb 1-6: SerialNumber: 200901010001
 5月 18 23:25:10 weizijun-bladestealth kernel: usb 1-3.1: new low-speed USB device number 4 using xhci_hcd
 5月 18 23:25:10 weizijun-bladestealth kernel: usb 1-3.1: New USB device found, idVendor=1c4f, idProduct=0084, bcdDevice= 1.01
 5月 18 23:25:10 weizijun-bladestealth kernel: usb 1-3.1: New USB device strings: Mfr=1, Product=2, SerialNumber=0
 5月 18 23:25:10 weizijun-bladestealth kernel: usb 1-3.1: Product: USB Keyboard
 5月 18 23:25:10 weizijun-bladestealth kernel: usb 1-3.1: Manufacturer: LIZHI TK-10 00
 5月 18 23:25:10 weizijun-bladestealth kernel: usb 1-8: new full-speed USB device number 5 using xhci_hcd
 5月 18 23:25:10 weizijun-bladestealth kernel: usb 1-8: New USB device found, idVendor=1532, idProduct=0239, bcdDevice= 2.00
 5月 18 23:25:10 weizijun-bladestealth kernel: usb 1-8: New USB device strings: Mfr=1, Product=2, SerialNumber=0
 5月 18 23:25:10 weizijun-bladestealth kernel: usb 1-8: Product: Razer Blade
 5月 18 23:25:10 weizijun-bladestealth kernel: usb 1-8: Manufacturer: Razer
 5月 18 23:25:10 weizijun-bladestealth systemd[1]: bpf-lsm: LSM BPF program attached
 5月 18 23:25:10 weizijun-bladestealth kernel: usb 1-3.2: new high-speed USB device number 6 using xhci_hcd
 5月 18 23:25:10 weizijun-bladestealth kernel: usb 1-3.2: New USB device found, idVendor=0bda, idProduct=8152, bcdDevice=20.00
 5月 18 23:25:10 weizijun-bladestealth kernel: usb 1-3.2: New USB device strings: Mfr=1, Product=2, SerialNumber=3
 5月 18 23:25:10 weizijun-bladestealth kernel: usb 1-3.2: Product: USB 10/100 LAN
 5月 18 23:25:10 weizijun-bladestealth kernel: usb 1-3.2: Manufacturer: Realtek
 5月 18 23:25:10 weizijun-bladestealth kernel: usb 1-3.2: SerialNumber: 5C925ED60A93
 5月 18 23:25:10 weizijun-bladestealth kernel: usb 1-10: new full-speed USB device number 7 using xhci_hcd
 5月 18 23:25:10 weizijun-bladestealth systemd[1]: Queued start job for default target Graphical Interface.
 5月 18 23:25:10 weizijun-bladestealth systemd[1]: Created slice Slice /system/getty.
 5月 18 23:25:10 weizijun-bladestealth systemd[1]: Created slice Slice /system/modprobe.
 5月 18 23:25:10 weizijun-bladestealth systemd[1]: Created slice Slice /system/systemd-fsck.
 5月 18 23:25:10 weizijun-bladestealth systemd[1]: Created slice User and Session Slice.
 5月 18 23:25:10 weizijun-bladestealth systemd[1]: Started Forward Password Requests to Wall Directory Watch.
 5月 18 23:25:10 weizijun-bladestealth systemd[1]: Set up automount Arbitrary Executable File Formats File System Automount Point.
 5月 18 23:25:10 weizijun-bladestealth systemd[1]: Reached target Login Prompts.
 5月 18 23:25:10 weizijun-bladestealth systemd[1]: Reached target Local Integrity Protected Volumes.
 5月 18 23:25:10 weizijun-bladestealth systemd[1]: Reached target Remote File Systems.
 5月 18 23:25:10 weizijun-bladestealth systemd[1]: Reached target Slice Units.
 5月 18 23:25:10 weizijun-bladestealth systemd[1]: Reached target Local Verity Protected Volumes.
 5月 18 23:25:10 weizijun-bladestealth systemd[1]: Listening on Device-mapper event daemon FIFOs.
 5月 18 23:25:10 weizijun-bladestealth systemd[1]: Listening on LVM2 poll daemon socket.
 5月 18 23:25:10 weizijun-bladestealth systemd[1]: Listening on Process Core Dump Socket.
 5月 18 23:25:10 weizijun-bladestealth systemd[1]: Listening on Journal Audit Socket.
 5月 18 23:25:10 weizijun-bladestealth systemd[1]: Listening on Journal Socket (/dev/log).
 5月 18 23:25:10 weizijun-bladestealth systemd[1]: Listening on Journal Socket.
 5月 18 23:25:10 weizijun-bladestealth systemd[1]: Listening on udev Control Socket.
 5月 18 23:25:10 weizijun-bladestealth systemd[1]: Listening on udev Kernel Socket.
 5月 18 23:25:10 weizijun-bladestealth systemd[1]: Mounting Huge Pages File System...
 5月 18 23:25:10 weizijun-bladestealth systemd[1]: Mounting POSIX Message Queue File System...
 5月 18 23:25:10 weizijun-bladestealth systemd[1]: Mounting Kernel Debug File System...
 5月 18 23:25:10 weizijun-bladestealth systemd[1]: Mounting Kernel Trace File System...
 5月 18 23:25:10 weizijun-bladestealth systemd[1]: Starting Load AppArmor profiles...
 5月 18 23:25:10 weizijun-bladestealth systemd[1]: Starting Create List of Static Device Nodes...
 5月 18 23:25:10 weizijun-bladestealth systemd[1]: Starting Monitoring of LVM2 mirrors, snapshots etc. using dmeventd or progress polling...
 5月 18 23:25:10 weizijun-bladestealth systemd[1]: Starting Load Kernel Module configfs...
 5月 18 23:25:10 weizijun-bladestealth systemd[1]: Starting Load Kernel Module dm_mod...
 5月 18 23:25:10 weizijun-bladestealth systemd[1]: Starting Load Kernel Module drm...
 5月 18 23:25:10 weizijun-bladestealth systemd[1]: Starting Load Kernel Module fuse...
 5月 18 23:25:10 weizijun-bladestealth systemd[1]: Starting Load Kernel Module loop...
 5月 18 23:25:10 weizijun-bladestealth systemd[1]: File System Check on Root Device was skipped because of an unmet condition check (ConditionPathIsReadWrite=!/).
 5月 18 23:25:10 weizijun-bladestealth systemd[1]: Starting Load Kernel Modules...
 5月 18 23:25:10 weizijun-bladestealth systemd[1]: Starting Remount Root and Kernel File Systems...
 5月 18 23:25:10 weizijun-bladestealth systemd[1]: Starting Coldplug All udev Devices...
 5月 18 23:25:10 weizijun-bladestealth systemd[1]: Mounted Huge Pages File System.
 5月 18 23:25:10 weizijun-bladestealth systemd[1]: Mounted POSIX Message Queue File System.
 5月 18 23:25:10 weizijun-bladestealth systemd[1]: Mounted Kernel Debug File System.
 5月 18 23:25:10 weizijun-bladestealth systemd[1]: Mounted Kernel Trace File System.
 5月 18 23:25:10 weizijun-bladestealth kernel: loop: module loaded
 5月 18 23:25:10 weizijun-bladestealth kernel: EXT4-fs (nvme0n1p6): re-mounted. Quota mode: none.
 5月 18 23:25:10 weizijun-bladestealth kernel: device-mapper: uevent: version 1.0.3
 5月 18 23:25:10 weizijun-bladestealth kernel: device-mapper: ioctl: 4.47.0-ioctl (2022-07-28) initialised: dm-devel@redhat.com
 5月 18 23:25:10 weizijun-bladestealth kernel: fuse: init (API version 7.37)
 5月 18 23:25:10 weizijun-bladestealth systemd[1]: Finished Create List of Static Device Nodes.
 5月 18 23:25:10 weizijun-bladestealth systemd[1]: modprobe@configfs.service: Deactivated successfully.
 5月 18 23:25:10 weizijun-bladestealth kernel: vboxdrv: loading out-of-tree module taints kernel.
 5月 18 23:25:10 weizijun-bladestealth kernel: vboxdrv: module verification failed: signature and/or required key missing - tainting kernel
 5月 18 23:25:10 weizijun-bladestealth kernel: usb 1-10: New USB device found, idVendor=8087, idProduct=0aaa, bcdDevice= 0.02
 5月 18 23:25:10 weizijun-bladestealth kernel: usb 1-10: New USB device strings: Mfr=0, Product=0, SerialNumber=0
 5月 18 23:25:10 weizijun-bladestealth kernel: vboxdrv: Found 8 processor cores/threads
 5月 18 23:25:10 weizijun-bladestealth systemd[1]: Finished Load Kernel Module configfs.
 5月 18 23:25:10 weizijun-bladestealth systemd[1]: modprobe@dm_mod.service: Deactivated successfully.
 5月 18 23:25:10 weizijun-bladestealth kernel: audit: type=1400 audit(1684423509.619:2): apparmor="STATUS" operation="profile_load" profile="unconfined" name="nvidia_modprobe" pid=287 comm="apparmor_parser"
 5月 18 23:25:10 weizijun-bladestealth kernel: audit: type=1400 audit(1684423509.622:3): apparmor="STATUS" operation="profile_load" profile="unconfined" name="nvidia_modprobe//kmod" pid=287 comm="apparmor_parser"
 5月 18 23:25:10 weizijun-bladestealth kernel: audit: type=1400 audit(1684423509.625:4): apparmor="STATUS" operation="profile_load" profile="unconfined" name="ping" pid=285 comm="apparmor_parser"
 5月 18 23:25:10 weizijun-bladestealth kernel: audit: type=1400 audit(1684423509.632:5): apparmor="STATUS" operation="profile_load" profile="unconfined" name="samba-dcerpcd" pid=290 comm="apparmor_parser"
 5月 18 23:25:10 weizijun-bladestealth kernel: audit: type=1400 audit(1684423509.632:6): apparmor="STATUS" operation="profile_load" profile="unconfined" name="samba-bgqd" pid=289 comm="apparmor_parser"
 5月 18 23:25:10 weizijun-bladestealth systemd[1]: Finished Load Kernel Module dm_mod.
 5月 18 23:25:10 weizijun-bladestealth kernel: audit: type=1400 audit(1684423509.635:7): apparmor="STATUS" operation="profile_load" profile="unconfined" name="samba-rpcd" pid=291 comm="apparmor_parser"
 5月 18 23:25:10 weizijun-bladestealth systemd[1]: modprobe@drm.service: Deactivated successfully.
 5月 18 23:25:10 weizijun-bladestealth kernel: audit: type=1400 audit(1684423509.635:8): apparmor="STATUS" operation="profile_load" profile="unconfined" name="lsb_release" pid=286 comm="apparmor_parser"
 5月 18 23:25:10 weizijun-bladestealth kernel: vboxdrv: TSC mode is Invariant, tentative frequency 1992002158 Hz
 5月 18 23:25:10 weizijun-bladestealth kernel: vboxdrv: Successfully loaded version 7.0.8 r156879 (interface 0x00330004)
 5月 18 23:25:10 weizijun-bladestealth kernel: VBoxNetAdp: Successfully started.
 5月 18 23:25:10 weizijun-bladestealth kernel: VBoxNetFlt: Successfully started.
 5月 18 23:25:10 weizijun-bladestealth kernel: audit: type=1400 audit(1684423509.645:9): apparmor="STATUS" operation="profile_load" profile="unconfined" name="klogd" pid=295 comm="apparmor_parser"
 5月 18 23:25:10 weizijun-bladestealth kernel: audit: type=1400 audit(1684423509.649:10): apparmor="STATUS" operation="profile_load" profile="unconfined" name="php-fpm" pid=288 comm="apparmor_parser"
 5月 18 23:25:10 weizijun-bladestealth systemd[1]: Finished Load Kernel Module drm.
 5月 18 23:25:10 weizijun-bladestealth systemd[1]: Finished Monitoring of LVM2 mirrors, snapshots etc. using dmeventd or progress polling.
 5月 18 23:25:10 weizijun-bladestealth systemd[1]: modprobe@fuse.service: Deactivated successfully.
 5月 18 23:25:10 weizijun-bladestealth systemd[1]: Finished Load Kernel Module fuse.
 5月 18 23:25:10 weizijun-bladestealth systemd[1]: modprobe@loop.service: Deactivated successfully.
 5月 18 23:25:10 weizijun-bladestealth systemd[1]: Finished Load Kernel Module loop.
 5月 18 23:25:10 weizijun-bladestealth systemd[1]: Finished Load Kernel Modules.
 5月 18 23:25:10 weizijun-bladestealth systemd[1]: Finished Remount Root and Kernel File Systems.
 5月 18 23:25:10 weizijun-bladestealth systemd[1]: Finished Coldplug All udev Devices.
 5月 18 23:25:10 weizijun-bladestealth systemd[1]: Activating swap /swapfile...
 5月 18 23:25:10 weizijun-bladestealth systemd[1]: Mounting FUSE Control File System...
 5月 18 23:25:10 weizijun-bladestealth systemd[1]: Mounting Kernel Configuration File System...
 5月 18 23:25:10 weizijun-bladestealth systemd[1]: First Boot Wizard was skipped because of an unmet condition check (ConditionFirstBoot=yes).
 5月 18 23:25:10 weizijun-bladestealth systemd[1]: Rebuild Hardware Database was skipped because no trigger condition checks were met.
 5月 18 23:25:10 weizijun-bladestealth systemd[1]: Starting Load/Save Random Seed...
 5月 18 23:25:10 weizijun-bladestealth systemd[1]: Repartition Root Disk was skipped because no trigger condition checks were met.
 5月 18 23:25:10 weizijun-bladestealth systemd[1]: Starting Apply Kernel Variables...
 5月 18 23:25:10 weizijun-bladestealth systemd[1]: Starting Create System Users...
 5月 18 23:25:10 weizijun-bladestealth systemd[1]: Starting Setup Virtual Console...
 5月 18 23:25:10 weizijun-bladestealth systemd[1]: Mounted FUSE Control File System.
 5月 18 23:25:10 weizijun-bladestealth systemd[1]: Mounted Kernel Configuration File System.
 5月 18 23:25:10 weizijun-bladestealth kernel: Adding 8388604k swap on /swapfile.  Priority:-2 extents:28 across:51200000k SSFS
 5月 18 23:25:10 weizijun-bladestealth systemd[1]: Activated swap /swapfile.
 5月 18 23:25:10 weizijun-bladestealth systemd[1]: Reached target Swaps.
 5月 18 23:25:10 weizijun-bladestealth systemd[1]: Finished Load/Save Random Seed.
 5月 18 23:25:10 weizijun-bladestealth systemd[1]: Finished Load AppArmor profiles.
 5月 18 23:25:10 weizijun-bladestealth systemd[1]: Finished Apply Kernel Variables.
 5月 18 23:25:10 weizijun-bladestealth systemd[1]: Finished Create System Users.
 5月 18 23:25:10 weizijun-bladestealth systemd[1]: systemd-vconsole-setup.service: Main process exited, code=exited, status=1/FAILURE
 5月 18 23:25:10 weizijun-bladestealth systemd[1]: systemd-vconsole-setup.service: Failed with result 'exit-code'.
 5月 18 23:25:10 weizijun-bladestealth systemd[1]: Failed to start Setup Virtual Console.
 5月 18 23:25:10 weizijun-bladestealth systemd[1]: First Boot Complete was skipped because of an unmet condition check (ConditionFirstBoot=yes).
 5月 18 23:25:10 weizijun-bladestealth systemd[1]: Starting Create Static Device Nodes in /dev...
 5月 18 23:25:10 weizijun-bladestealth systemd[1]: Starting CLI Netfilter Manager...
 5月 18 23:25:10 weizijun-bladestealth systemd[1]: Finished CLI Netfilter Manager.
 5月 18 23:25:10 weizijun-bladestealth systemd[1]: Finished Create Static Device Nodes in /dev.
 5月 18 23:25:10 weizijun-bladestealth systemd[1]: Reached target Preparation for Local File Systems.
 5月 18 23:25:10 weizijun-bladestealth systemd[1]: Mounting /tmp...
 5月 18 23:25:10 weizijun-bladestealth systemd[1]: Virtual Machine and Container Storage (Compatibility) was skipped because of an unmet condition check (ConditionPathExists=/var/lib/machines.raw).
 5月 18 23:25:10 weizijun-bladestealth systemd[1]: Entropy Daemon based on the HAVEGE algorithm was skipped because of an unmet condition check (ConditionKernelVersion=<5.6).
 5月 18 23:25:10 weizijun-bladestealth systemd[1]: Starting Journal Service...
 5月 18 23:25:10 weizijun-bladestealth systemd[1]: Starting Rule-based Manager for Device Events and Files...
 5月 18 23:25:10 weizijun-bladestealth systemd[1]: Mounted /tmp.
 5月 18 23:25:10 weizijun-bladestealth systemd-journald[357]: Journal started
 5月 18 23:25:10 weizijun-bladestealth systemd-journald[357]: Runtime Journal (/run/log/journal/950ccbbbaae64f9986f1836acd99c769) is 8.0M, max 385.8M, 377.8M free.
 5月 18 23:25:09 weizijun-bladestealth audit[287]: AVC apparmor="STATUS" operation="profile_load" profile="unconfined" name="nvidia_modprobe" pid=287 comm="apparmor_parser"
 5月 18 23:25:09 weizijun-bladestealth audit[287]: AVC apparmor="STATUS" operation="profile_load" profile="unconfined" name="nvidia_modprobe//kmod" pid=287 comm="apparmor_parser"
 5月 18 23:25:09 weizijun-bladestealth audit[285]: AVC apparmor="STATUS" operation="profile_load" profile="unconfined" name="ping" pid=285 comm="apparmor_parser"
 5月 18 23:25:09 weizijun-bladestealth audit[290]: AVC apparmor="STATUS" operation="profile_load" profile="unconfined" name="samba-dcerpcd" pid=290 comm="apparmor_parser"
 5月 18 23:25:09 weizijun-bladestealth audit[289]: AVC apparmor="STATUS" operation="profile_load" profile="unconfined" name="samba-bgqd" pid=289 comm="apparmor_parser"
 5月 18 23:25:09 weizijun-bladestealth audit[291]: AVC apparmor="STATUS" operation="profile_load" profile="unconfined" name="samba-rpcd" pid=291 comm="apparmor_parser"
 5月 18 23:25:09 weizijun-bladestealth audit[286]: AVC apparmor="STATUS" operation="profile_load" profile="unconfined" name="lsb_release" pid=286 comm="apparmor_parser"
 5月 18 23:25:09 weizijun-bladestealth audit[295]: AVC apparmor="STATUS" operation="profile_load" profile="unconfined" name="klogd" pid=295 comm="apparmor_parser"
 5月 18 23:25:09 weizijun-bladestealth audit[288]: AVC apparmor="STATUS" operation="profile_load" profile="unconfined" name="php-fpm" pid=288 comm="apparmor_parser"
 5月 18 23:25:09 weizijun-bladestealth audit[300]: AVC apparmor="STATUS" operation="profile_load" profile="unconfined" name="dovecot-anvil" pid=300 comm="apparmor_parser"
 5月 18 23:25:09 weizijun-bladestealth audit[292]: AVC apparmor="STATUS" operation="profile_load" profile="unconfined" name="samba-rpcd-classic" pid=292 comm="apparmor_parser"
 5月 18 23:25:09 weizijun-bladestealth audit[298]: AVC apparmor="STATUS" operation="profile_load" profile="unconfined" name="syslogd" pid=298 comm="apparmor_parser"
 5月 18 23:25:09 weizijun-bladestealth audit[294]: AVC apparmor="STATUS" operation="profile_load" profile="unconfined" name="samba-rpcd-spoolss" pid=294 comm="apparmor_parser"
 5月 18 23:25:09 weizijun-bladestealth audit[303]: AVC apparmor="STATUS" operation="profile_load" profile="unconfined" name="dovecot-config" pid=303 comm="apparmor_parser"
 5月 18 23:25:09 weizijun-bladestealth audit[297]: AVC apparmor="STATUS" operation="profile_load" profile="unconfined" name="syslog-ng" pid=297 comm="apparmor_parser"
 5月 18 23:25:09 weizijun-bladestealth audit[309]: AVC apparmor="STATUS" operation="profile_load" profile="unconfined" name="dovecot-doveadm-server" pid=309 comm="apparmor_parser"
 5月 18 23:25:09 weizijun-bladestealth audit[302]: AVC apparmor="STATUS" operation="profile_load" profile="unconfined" name="dovecot-auth" pid=302 comm="apparmor_parser"
 5月 18 23:25:09 weizijun-bladestealth audit[307]: AVC apparmor="STATUS" operation="profile_load" profile="unconfined" name="dovecot-dict" pid=307 comm="apparmor_parser"
 5月 18 23:25:09 weizijun-bladestealth audit[306]: AVC apparmor="STATUS" operation="profile_load" profile="unconfined" name="dovecot-deliver" pid=306 comm="apparmor_parser"
 5月 18 23:25:09 weizijun-bladestealth audit[308]: AVC apparmor="STATUS" operation="profile_load" profile="unconfined" name="dovecot-director" pid=308 comm="apparmor_parser"
 5月 18 23:25:09 weizijun-bladestealth audit[313]: AVC apparmor="STATUS" operation="profile_load" profile="unconfined" name="dovecot-imap-login" pid=313 comm="apparmor_parser"
 5月 18 23:25:09 weizijun-bladestealth audit[315]: AVC apparmor="STATUS" operation="profile_load" profile="unconfined" name="dovecot-log" pid=315 comm="apparmor_parser"
 5月 18 23:25:09 weizijun-bladestealth audit[316]: AVC apparmor="STATUS" operation="profile_load" profile="unconfined" name="dovecot-managesieve" pid=316 comm="apparmor_parser"
 5月 18 23:25:09 weizijun-bladestealth audit[317]: AVC apparmor="STATUS" operation="profile_load" profile="unconfined" name="dovecot-managesieve-login" pid=317 comm="apparmor_parser"
 5月 18 23:25:09 weizijun-bladestealth audit[310]: AVC apparmor="STATUS" operation="profile_load" profile="unconfined" name="dovecot-dovecot-auth" pid=310 comm="apparmor_parser"
 5月 18 23:25:09 weizijun-bladestealth audit[312]: AVC apparmor="STATUS" operation="profile_load" profile="unconfined" name="dovecot-imap" pid=312 comm="apparmor_parser"
 5月 18 23:25:09 weizijun-bladestealth audit[314]: AVC apparmor="STATUS" operation="profile_load" profile="unconfined" name="dovecot-lmtp" pid=314 comm="apparmor_parser"
 5月 18 23:25:09 weizijun-bladestealth audit[319]: AVC apparmor="STATUS" operation="profile_load" profile="unconfined" name="dovecot-pop3-login" pid=319 comm="apparmor_parser"
 5月 18 23:25:09 weizijun-bladestealth audit[322]: AVC apparmor="STATUS" operation="profile_load" profile="unconfined" name="dovecot-ssl-params" pid=322 comm="apparmor_parser"
 5月 18 23:25:09 weizijun-bladestealth audit[323]: AVC apparmor="STATUS" operation="profile_load" profile="unconfined" name="dovecot-stats" pid=323 comm="apparmor_parser"
 5月 18 23:25:09 weizijun-bladestealth audit[318]: AVC apparmor="STATUS" operation="profile_load" profile="unconfined" name="dovecot-pop3" pid=318 comm="apparmor_parser"
 5月 18 23:25:09 weizijun-bladestealth audit[321]: AVC apparmor="STATUS" operation="profile_load" profile="unconfined" name="dovecot-script-login" pid=321 comm="apparmor_parser"
 5月 18 23:25:09 weizijun-bladestealth audit[320]: AVC apparmor="STATUS" operation="profile_load" profile="unconfined" name="dovecot-replicator" pid=320 comm="apparmor_parser"
